[0.025s] Invoking command in '/home/ljq/Desktop/ljq_zq/Turtlebot/TurtleBot3/turbot_ws/build/turtlebot3_msgs': CMAKE_PREFIX_PATH=/opt/ros/humble /usr/bin/cmake /home/ljq/Desktop/ljq_zq/Turtlebot/TurtleBot3/turbot_ws/src/turtlebot3_msgs -DCMAKE_POLICY_VERSION_MINIMUM=3.5 -DAMENT_CMAKE_SYMLINK_INSTALL=1 -DCMAKE_INSTALL_PREFIX=/home/ljq/Desktop/ljq_zq/Turtlebot/TurtleBot3/turbot_ws/install/turtlebot3_msgs
[0.037s] -- Found action_msgs: 1.2.3 (/opt/ros/humble/share/action_msgs/cmake)
[0.037s] [0mCMake Deprecation Warning at CMakeLists.txt:4 (cmake_minimum_required):
[0.037s]   Compatibility with CMake < 3.10 will be removed from a future version of
[0.037s]   CMake.
[0.037s] 
[0.037s]   Update the VERSION argument <min> value.  Or, use the <min>...<max> syntax
[0.037s]   to tell CMake that the project requires at least <min> but has been updated
[0.037s]   to work with policies introduced by <max> or earlier.
[0.037s] 
[0.037s] [0m
[0.168s] -- Override CMake install command with custom implementation using symlinks instead of copying resources
[0.191s] -- Found rosidl_generator_c: 3.1.9 (/opt/ros/humble/share/rosidl_generator_c/cmake)
[0.192s] -- Found rosidl_adapter: 3.1.9 (/opt/ros/humble/share/rosidl_adapter/cmake)
[0.196s] -- Found rosidl_generator_cpp: 3.1.9 (/opt/ros/humble/share/rosidl_generator_cpp/cmake)
[0.203s] -- Using all available rosidl_typesupport_c: rosidl_typesupport_fastrtps_c;rosidl_typesupport_introspection_c
[0.211s] -- Using all available rosidl_typesupport_cpp: rosidl_typesupport_fastrtps_cpp;rosidl_typesupport_introspection_cpp
[0.236s] -- Found rosidl_default_generators: 1.2.1 (/opt/ros/humble/share/rosidl_default_generators/cmake)
[0.244s] -- Found std_msgs: 4.9.1 (/opt/ros/humble/share/std_msgs/cmake)
[0.254s] -- Found geometry_msgs: 4.9.1 (/opt/ros/humble/share/geometry_msgs/cmake)
[0.578s] -- Found ament_cmake_cppcheck: 0.12.15 (/opt/ros/humble/share/ament_cmake_cppcheck/cmake)
[0.578s] -- Found ament_cmake_cpplint: 0.12.15 (/opt/ros/humble/share/ament_cmake_cpplint/cmake)
[0.579s] -- Found ament_cmake_uncrustify: 0.12.15 (/opt/ros/humble/share/ament_cmake_uncrustify/cmake)
[0.579s] -- Found ament_cmake_ros: 0.10.0 (/opt/ros/humble/share/ament_cmake_ros/cmake)
[1.102s] -- Using all available rosidl_typesupport_c: rosidl_typesupport_fastrtps_c;rosidl_typesupport_introspection_c
[1.312s] -- Using all available rosidl_typesupport_cpp: rosidl_typesupport_fastrtps_cpp;rosidl_typesupport_introspection_cpp
[1.315s] [33mCMake Warning (dev) at /opt/ros/humble/share/rosidl_generator_py/cmake/rosidl_generator_py_generate_interfaces.cmake:20 (find_package):
[1.315s]   Policy CMP0148 is not set: The FindPythonInterp and FindPythonLibs modules
[1.315s]   are removed.  Run "cmake --help-policy CMP0148" for policy details.  Use
[1.315s]   the cmake_policy command to set the policy and suppress this warning.
[1.315s] 
[1.315s] Call Stack (most recent call first):
[1.315s]   /opt/ros/humble/share/ament_cmake_core/cmake/core/ament_execute_extensions.cmake:48 (include)
[1.315s]   /opt/ros/humble/share/rosidl_cmake/cmake/rosidl_generate_interfaces.cmake:286 (ament_execute_extensions)
[1.315s]   CMakeLists.txt:47 (rosidl_generate_interfaces)
[1.315s] This warning is for project developers.  Use -Wno-dev to suppress it.
[1.315s] [0m
[1.329s] -- Found python_cmake_module: 0.10.0 (/opt/ros/humble/share/python_cmake_module/cmake)
[1.330s] [33mCMake Warning (dev) at /opt/ros/humble/share/python_cmake_module/cmake/Modules/FindPythonExtra.cmake:52 (find_package):
[1.330s]   Policy CMP0148 is not set: The FindPythonInterp and FindPythonLibs modules
[1.330s]   are removed.  Run "cmake --help-policy CMP0148" for policy details.  Use
[1.330s]   the cmake_policy command to set the policy and suppress this warning.
[1.330s] 
[1.330s] Call Stack (most recent call first):
[1.330s]   /opt/ros/humble/share/rosidl_generator_py/cmake/rosidl_generator_py_generate_interfaces.cmake:23 (find_package)
[1.330s]   /opt/ros/humble/share/ament_cmake_core/cmake/core/ament_execute_extensions.cmake:48 (include)
[1.330s]   /opt/ros/humble/share/rosidl_cmake/cmake/rosidl_generate_interfaces.cmake:286 (ament_execute_extensions)
[1.330s]   CMakeLists.txt:47 (rosidl_generate_interfaces)
[1.330s] This warning is for project developers.  Use -Wno-dev to suppress it.
[1.330s] [0m
[1.347s] [33mCMake Warning (dev) at /opt/ros/humble/share/python_cmake_module/cmake/Modules/FindPythonExtra.cmake:140 (find_package):
[1.347s]   Policy CMP0148 is not set: The FindPythonInterp and FindPythonLibs modules
[1.347s]   are removed.  Run "cmake --help-policy CMP0148" for policy details.  Use
[1.347s]   the cmake_policy command to set the policy and suppress this warning.
[1.347s] 
[1.347s] Call Stack (most recent call first):
[1.348s]   /opt/ros/humble/share/rosidl_generator_py/cmake/rosidl_generator_py_generate_interfaces.cmake:23 (find_package)
[1.348s]   /opt/ros/humble/share/ament_cmake_core/cmake/core/ament_execute_extensions.cmake:48 (include)
[1.348s]   /opt/ros/humble/share/rosidl_cmake/cmake/rosidl_generate_interfaces.cmake:286 (ament_execute_extensions)
[1.348s]   CMakeLists.txt:47 (rosidl_generate_interfaces)
[1.348s] This warning is for project developers.  Use -Wno-dev to suppress it.
[1.348s] [0m
[1.349s] -- Using PYTHON_EXECUTABLE: /usr/bin/python3
[1.349s] -- Using PYTHON_INCLUDE_DIRS: /usr/include/python3.10
[1.349s] -- Using PYTHON_LIBRARIES: /usr/lib/x86_64-linux-gnu/libpython3.10.so
[1.387s] -- Found ament_cmake_flake8: 0.12.15 (/opt/ros/humble/share/ament_cmake_flake8/cmake)
[1.388s] -- Found ament_cmake_pep257: 0.12.15 (/opt/ros/humble/share/ament_cmake_pep257/cmake)
[1.507s] -- Configuring done (1.5s)
[1.563s] -- Generating done (0.1s)
[1.580s] -- Build files have been written to: /home/ljq/Desktop/ljq_zq/Turtlebot/TurtleBot3/turbot_ws/build/turtlebot3_msgs
[1.590s] Invoked command in '/home/ljq/Desktop/ljq_zq/Turtlebot/TurtleBot3/turbot_ws/build/turtlebot3_msgs' returned '0': CMAKE_PREFIX_PATH=/opt/ros/humble /usr/bin/cmake /home/ljq/Desktop/ljq_zq/Turtlebot/TurtleBot3/turbot_ws/src/turtlebot3_msgs -DCMAKE_POLICY_VERSION_MINIMUM=3.5 -DAMENT_CMAKE_SYMLINK_INSTALL=1 -DCMAKE_INSTALL_PREFIX=/home/ljq/Desktop/ljq_zq/Turtlebot/TurtleBot3/turbot_ws/install/turtlebot3_msgs
[1.592s] Invoking command in '/home/ljq/Desktop/ljq_zq/Turtlebot/TurtleBot3/turbot_ws/build/turtlebot3_msgs': CMAKE_PREFIX_PATH=/opt/ros/humble /usr/bin/cmake --build /home/ljq/Desktop/ljq_zq/Turtlebot/TurtleBot3/turbot_ws/build/turtlebot3_msgs -- -j16 -l16
[1.614s] [  1%] [1m[34mGenerating C code for ROS interfaces[0m
[1.620s] [  2%] [1m[34mGenerating C++ code for ROS interfaces[0m
[1.621s] [  3%] [1m[34mGenerating Rust code for ROS interfaces[0m
[1.628s] [  3%] Built target ament_cmake_python_symlink_turtlebot3_msgs
[1.843s] running egg_info
[1.843s] creating turtlebot3_msgs.egg-info
[1.844s] writing turtlebot3_msgs.egg-info/PKG-INFO
[1.844s] writing dependency_links to turtlebot3_msgs.egg-info/dependency_links.txt
[1.844s] writing top-level names to turtlebot3_msgs.egg-info/top_level.txt
[1.844s] writing manifest file 'turtlebot3_msgs.egg-info/SOURCES.txt'
[1.846s] reading manifest file 'turtlebot3_msgs.egg-info/SOURCES.txt'
[1.847s] writing manifest file 'turtlebot3_msgs.egg-info/SOURCES.txt'
[1.889s] [  3%] Built target ament_cmake_python_build_turtlebot3_msgs_egg
[2.208s] [  3%] Built target turtlebot3_msgs__rs
[2.463s] [  3%] Built target turtlebot3_msgs__cpp
[2.469s] [  7%] [1m[34mGenerating C++ type support for eProsima Fast-RTPS[0m
[2.469s] [  7%] [1m[34mGenerating C++ introspection for ROS interfaces[0m
[2.469s] [  7%] [1m[34mGenerating C++ type support dispatch for ROS interfaces[0m
[2.526s] [ 11%] [32mBuilding C object CMakeFiles/turtlebot3_msgs__rosidl_generator_c.dir/rosidl_generator_c/turtlebot3_msgs/srv/detail/sound__functions.c.o[0m
[2.526s] [ 11%] [32mBuilding C object CMakeFiles/turtlebot3_msgs__rosidl_generator_c.dir/rosidl_generator_c/turtlebot3_msgs/msg/detail/version_info__functions.c.o[0m
[2.526s] [ 11%] [32mBuilding C object CMakeFiles/turtlebot3_msgs__rosidl_generator_c.dir/rosidl_generator_c/turtlebot3_msgs/msg/detail/sensor_state__functions.c.o[0m
[2.526s] [ 12%] [32mBuilding C object CMakeFiles/turtlebot3_msgs__rosidl_generator_c.dir/rosidl_generator_c/turtlebot3_msgs/srv/detail/dqn__functions.c.o[0m
[2.526s] [ 13%] [32mBuilding C object CMakeFiles/turtlebot3_msgs__rosidl_generator_c.dir/rosidl_generator_c/turtlebot3_msgs/msg/detail/sound__functions.c.o[0m
[2.529s] [ 15%] [32mBuilding C object CMakeFiles/turtlebot3_msgs__rosidl_generator_c.dir/rosidl_generator_c/turtlebot3_msgs/srv/detail/goal__functions.c.o[0m
[2.529s] [ 16%] [32mBuilding C object CMakeFiles/turtlebot3_msgs__rosidl_generator_c.dir/rosidl_generator_c/turtlebot3_msgs/action/detail/patrol__functions.c.o[0m
[2.628s] [ 17%] [1m[32mLinking C shared library libturtlebot3_msgs__rosidl_generator_c.so[0m
[2.655s] [ 17%] Built target turtlebot3_msgs__rosidl_generator_c
[2.662s] [ 21%] [1m[34mGenerating C introspection for ROS interfaces[0m
[2.662s] [ 21%] [1m[34mGenerating C type support dispatch for ROS interfaces[0m
[2.662s] [ 21%] [1m[34mGenerating C type support for eProsima Fast-RTPS[0m
[3.007s] [ 23%] [32mBuilding CXX object CMakeFiles/turtlebot3_msgs__rosidl_typesupport_cpp.dir/rosidl_typesupport_cpp/turtlebot3_msgs/msg/sound__type_support.cpp.o[0m
[3.007s] [ 23%] [32mBuilding CXX object CMakeFiles/turtlebot3_msgs__rosidl_typesupport_cpp.dir/rosidl_typesupport_cpp/turtlebot3_msgs/msg/sensor_state__type_support.cpp.o[0m
[3.007s] [ 25%] [32mBuilding CXX object CMakeFiles/turtlebot3_msgs__rosidl_typesupport_cpp.dir/rosidl_typesupport_cpp/turtlebot3_msgs/msg/version_info__type_support.cpp.o[0m
[3.007s] [ 26%] [32mBuilding CXX object CMakeFiles/turtlebot3_msgs__rosidl_typesupport_cpp.dir/rosidl_typesupport_cpp/turtlebot3_msgs/srv/sound__type_support.cpp.o[0m
[3.019s] [ 27%] [32mBuilding CXX object CMakeFiles/turtlebot3_msgs__rosidl_typesupport_cpp.dir/rosidl_typesupport_cpp/turtlebot3_msgs/srv/goal__type_support.cpp.o[0m
[3.019s] [ 28%] [32mBuilding CXX object CMakeFiles/turtlebot3_msgs__rosidl_typesupport_cpp.dir/rosidl_typesupport_cpp/turtlebot3_msgs/srv/dqn__type_support.cpp.o[0m
[3.022s] [ 30%] [32mBuilding CXX object CMakeFiles/turtlebot3_msgs__rosidl_typesupport_cpp.dir/rosidl_typesupport_cpp/turtlebot3_msgs/action/patrol__type_support.cpp.o[0m
[3.194s] [ 31%] [32mBuilding CXX object CMakeFiles/turtlebot3_msgs__rosidl_typesupport_introspection_cpp.dir/rosidl_typesupport_introspection_cpp/turtlebot3_msgs/msg/detail/sensor_state__type_support.cpp.o[0m
[3.199s] [ 32%] [32mBuilding CXX object CMakeFiles/turtlebot3_msgs__rosidl_typesupport_introspection_cpp.dir/rosidl_typesupport_introspection_cpp/turtlebot3_msgs/msg/detail/version_info__type_support.cpp.o[0m
[3.203s] [ 33%] [32mBuilding CXX object CMakeFiles/turtlebot3_msgs__rosidl_typesupport_introspection_cpp.dir/rosidl_typesupport_introspection_cpp/turtlebot3_msgs/srv/detail/sound__type_support.cpp.o[0m
[3.203s] [ 35%] [32mBuilding CXX object CMakeFiles/turtlebot3_msgs__rosidl_typesupport_introspection_cpp.dir/rosidl_typesupport_introspection_cpp/turtlebot3_msgs/msg/detail/sound__type_support.cpp.o[0m
[3.209s] [ 36%] [32mBuilding CXX object CMakeFiles/turtlebot3_msgs__rosidl_typesupport_introspection_cpp.dir/rosidl_typesupport_introspection_cpp/turtlebot3_msgs/srv/detail/dqn__type_support.cpp.o[0m
[3.260s] [ 37%] [32mBuilding CXX object CMakeFiles/turtlebot3_msgs__rosidl_typesupport_introspection_cpp.dir/rosidl_typesupport_introspection_cpp/turtlebot3_msgs/srv/detail/goal__type_support.cpp.o[0m
[3.272s] [ 38%] [32mBuilding CXX object CMakeFiles/turtlebot3_msgs__rosidl_typesupport_introspection_cpp.dir/rosidl_typesupport_introspection_cpp/turtlebot3_msgs/action/detail/patrol__type_support.cpp.o[0m
[3.325s] [ 40%] [32mBuilding CXX object CMakeFiles/turtlebot3_msgs__rosidl_typesupport_c.dir/rosidl_typesupport_c/turtlebot3_msgs/msg/sensor_state__type_support.cpp.o[0m
[3.326s] [ 41%] [32mBuilding CXX object CMakeFiles/turtlebot3_msgs__rosidl_typesupport_c.dir/rosidl_typesupport_c/turtlebot3_msgs/msg/version_info__type_support.cpp.o[0m
[3.330s] [ 42%] [32mBuilding CXX object CMakeFiles/turtlebot3_msgs__rosidl_typesupport_c.dir/rosidl_typesupport_c/turtlebot3_msgs/msg/sound__type_support.cpp.o[0m
[3.368s] [ 43%] [32mBuilding CXX object CMakeFiles/turtlebot3_msgs__rosidl_typesupport_c.dir/rosidl_typesupport_c/turtlebot3_msgs/srv/sound__type_support.cpp.o[0m
[3.372s] [ 45%] [32mBuilding CXX object CMakeFiles/turtlebot3_msgs__rosidl_typesupport_c.dir/rosidl_typesupport_c/turtlebot3_msgs/srv/dqn__type_support.cpp.o[0m
[3.375s] [ 46%] [32mBuilding CXX object CMakeFiles/turtlebot3_msgs__rosidl_typesupport_c.dir/rosidl_typesupport_c/turtlebot3_msgs/srv/goal__type_support.cpp.o[0m
[3.380s] [ 47%] [32mBuilding CXX object CMakeFiles/turtlebot3_msgs__rosidl_typesupport_c.dir/rosidl_typesupport_c/turtlebot3_msgs/action/patrol__type_support.cpp.o[0m
[3.436s] [ 48%] [32mBuilding CXX object CMakeFiles/turtlebot3_msgs__rosidl_typesupport_fastrtps_cpp.dir/rosidl_typesupport_fastrtps_cpp/turtlebot3_msgs/msg/detail/dds_fastrtps/sensor_state__type_support.cpp.o[0m
[3.442s] [ 50%] [32mBuilding CXX object CMakeFiles/turtlebot3_msgs__rosidl_typesupport_fastrtps_cpp.dir/rosidl_typesupport_fastrtps_cpp/turtlebot3_msgs/msg/detail/dds_fastrtps/sound__type_support.cpp.o[0m
[3.444s] [ 51%] [32mBuilding CXX object CMakeFiles/turtlebot3_msgs__rosidl_typesupport_fastrtps_cpp.dir/rosidl_typesupport_fastrtps_cpp/turtlebot3_msgs/msg/detail/dds_fastrtps/version_info__type_support.cpp.o[0m
[3.453s] [ 52%] [32mBuilding CXX object CMakeFiles/turtlebot3_msgs__rosidl_typesupport_fastrtps_cpp.dir/rosidl_typesupport_fastrtps_cpp/turtlebot3_msgs/srv/detail/dds_fastrtps/sound__type_support.cpp.o[0m
[3.454s] [ 53%] [1m[32mLinking CXX shared library libturtlebot3_msgs__rosidl_typesupport_c.so[0m
[3.462s] [ 55%] [32mBuilding CXX object CMakeFiles/turtlebot3_msgs__rosidl_typesupport_fastrtps_cpp.dir/rosidl_typesupport_fastrtps_cpp/turtlebot3_msgs/srv/detail/dds_fastrtps/dqn__type_support.cpp.o[0m
[3.534s] [ 55%] Built target turtlebot3_msgs__rosidl_typesupport_c
[3.559s] [ 56%] [32mBuilding CXX object CMakeFiles/turtlebot3_msgs__rosidl_typesupport_fastrtps_cpp.dir/rosidl_typesupport_fastrtps_cpp/turtlebot3_msgs/srv/detail/dds_fastrtps/goal__type_support.cpp.o[0m
[3.575s] [ 57%] [1m[32mLinking CXX shared library libturtlebot3_msgs__rosidl_typesupport_cpp.so[0m
[3.636s] [ 58%] [32mBuilding C object CMakeFiles/turtlebot3_msgs__rosidl_typesupport_introspection_c.dir/rosidl_typesupport_introspection_c/turtlebot3_msgs/msg/detail/sensor_state__type_support.c.o[0m
[3.665s] [ 58%] Built target turtlebot3_msgs__rosidl_typesupport_cpp
[3.679s] [ 60%] [32mBuilding C object CMakeFiles/turtlebot3_msgs__rosidl_typesupport_introspection_c.dir/rosidl_typesupport_introspection_c/turtlebot3_msgs/msg/detail/sound__type_support.c.o[0m
[3.716s] [ 61%] [32mBuilding C object CMakeFiles/turtlebot3_msgs__rosidl_typesupport_introspection_c.dir/rosidl_typesupport_introspection_c/turtlebot3_msgs/msg/detail/version_info__type_support.c.o[0m
[3.722s] [ 62%] [32mBuilding C object CMakeFiles/turtlebot3_msgs__rosidl_typesupport_introspection_c.dir/rosidl_typesupport_introspection_c/turtlebot3_msgs/srv/detail/sound__type_support.c.o[0m
[3.722s] [ 63%] [32mBuilding CXX object CMakeFiles/turtlebot3_msgs__rosidl_typesupport_fastrtps_cpp.dir/rosidl_typesupport_fastrtps_cpp/turtlebot3_msgs/action/detail/dds_fastrtps/patrol__type_support.cpp.o[0m
[3.728s] [ 65%] [32mBuilding CXX object CMakeFiles/turtlebot3_msgs__rosidl_typesupport_fastrtps_c.dir/rosidl_typesupport_fastrtps_c/turtlebot3_msgs/msg/detail/sensor_state__type_support_c.cpp.o[0m
[3.737s] [ 66%] [32mBuilding C object CMakeFiles/turtlebot3_msgs__rosidl_typesupport_introspection_c.dir/rosidl_typesupport_introspection_c/turtlebot3_msgs/srv/detail/dqn__type_support.c.o[0m
[3.760s] [ 67%] [32mBuilding C object CMakeFiles/turtlebot3_msgs__rosidl_typesupport_introspection_c.dir/rosidl_typesupport_introspection_c/turtlebot3_msgs/srv/detail/goal__type_support.c.o[0m
[3.764s] [ 68%] [32mBuilding CXX object CMakeFiles/turtlebot3_msgs__rosidl_typesupport_fastrtps_c.dir/rosidl_typesupport_fastrtps_c/turtlebot3_msgs/msg/detail/sound__type_support_c.cpp.o[0m
[3.766s] [ 70%] [32mBuilding CXX object CMakeFiles/turtlebot3_msgs__rosidl_typesupport_fastrtps_c.dir/rosidl_typesupport_fastrtps_c/turtlebot3_msgs/msg/detail/version_info__type_support_c.cpp.o[0m
[3.770s] [ 71%] [32mBuilding C object CMakeFiles/turtlebot3_msgs__rosidl_typesupport_introspection_c.dir/rosidl_typesupport_introspection_c/turtlebot3_msgs/action/detail/patrol__type_support.c.o[0m
[3.788s] [ 72%] [32mBuilding CXX object CMakeFiles/turtlebot3_msgs__rosidl_typesupport_fastrtps_c.dir/rosidl_typesupport_fastrtps_c/turtlebot3_msgs/srv/detail/dqn__type_support_c.cpp.o[0m
[3.789s] [ 73%] [32mBuilding CXX object CMakeFiles/turtlebot3_msgs__rosidl_typesupport_fastrtps_c.dir/rosidl_typesupport_fastrtps_c/turtlebot3_msgs/srv/detail/sound__type_support_c.cpp.o[0m
[3.804s] [ 75%] [32mBuilding CXX object CMakeFiles/turtlebot3_msgs__rosidl_typesupport_fastrtps_c.dir/rosidl_typesupport_fastrtps_c/turtlebot3_msgs/srv/detail/goal__type_support_c.cpp.o[0m
[3.851s] [ 76%] [32mBuilding CXX object CMakeFiles/turtlebot3_msgs__rosidl_typesupport_fastrtps_c.dir/rosidl_typesupport_fastrtps_c/turtlebot3_msgs/action/detail/patrol__type_support_c.cpp.o[0m
[3.869s] [ 77%] [1m[32mLinking C shared library libturtlebot3_msgs__rosidl_typesupport_introspection_c.so[0m
[3.932s] [ 77%] Built target turtlebot3_msgs__rosidl_typesupport_introspection_c
[4.111s] [ 78%] [1m[32mLinking CXX shared library libturtlebot3_msgs__rosidl_typesupport_introspection_cpp.so[0m
[4.213s] [ 78%] Built target turtlebot3_msgs__rosidl_typesupport_introspection_cpp
[4.289s] [ 80%] [1m[32mLinking CXX shared library libturtlebot3_msgs__rosidl_typesupport_fastrtps_c.so[0m
[4.313s] [ 81%] [1m[32mLinking CXX shared library libturtlebot3_msgs__rosidl_typesupport_fastrtps_cpp.so[0m
[4.364s] [ 81%] Built target turtlebot3_msgs__rosidl_typesupport_fastrtps_c
[4.378s] [ 81%] Built target turtlebot3_msgs__rosidl_typesupport_fastrtps_cpp
[4.388s] [ 81%] Built target turtlebot3_msgs
[4.398s] [ 82%] [1m[34mGenerating Python code for ROS interfaces[0m
[5.470s] [ 82%] Built target turtlebot3_msgs__py
[5.481s] [ 87%] [32mBuilding C object CMakeFiles/turtlebot3_msgs__rosidl_generator_py.dir/rosidl_generator_py/turtlebot3_msgs/msg/_sensor_state_s.c.o[0m
[5.481s] [ 87%] [32mBuilding C object CMakeFiles/turtlebot3_msgs__rosidl_generator_py.dir/rosidl_generator_py/turtlebot3_msgs/srv/_sound_s.c.o[0m
[5.481s] [ 87%] [32mBuilding C object CMakeFiles/turtlebot3_msgs__rosidl_generator_py.dir/rosidl_generator_py/turtlebot3_msgs/msg/_version_info_s.c.o[0m
[5.481s] [ 87%] [32mBuilding C object CMakeFiles/turtlebot3_msgs__rosidl_generator_py.dir/rosidl_generator_py/turtlebot3_msgs/msg/_sound_s.c.o[0m
[5.481s] [ 88%] [32mBuilding C object CMakeFiles/turtlebot3_msgs__rosidl_generator_py.dir/rosidl_generator_py/turtlebot3_msgs/srv/_dqn_s.c.o[0m
[5.481s] [ 90%] [32mBuilding C object CMakeFiles/turtlebot3_msgs__rosidl_generator_py.dir/rosidl_generator_py/turtlebot3_msgs/srv/_goal_s.c.o[0m
[5.481s] [ 91%] [32mBuilding C object CMakeFiles/turtlebot3_msgs__rosidl_generator_py.dir/rosidl_generator_py/turtlebot3_msgs/action/_patrol_s.c.o[0m
[5.620s] [ 92%] [1m[32mLinking C shared library rosidl_generator_py/turtlebot3_msgs/libturtlebot3_msgs__rosidl_generator_py.so[0m
[5.650s] [ 92%] Built target turtlebot3_msgs__rosidl_generator_py
[5.660s] [ 95%] [32mBuilding C object CMakeFiles/turtlebot3_msgs__rosidl_typesupport_introspection_c__pyext.dir/rosidl_generator_py/turtlebot3_msgs/_turtlebot3_msgs_s.ep.rosidl_typesupport_introspection_c.c.o[0m
[5.660s] [ 95%] [32mBuilding C object CMakeFiles/turtlebot3_msgs__rosidl_typesupport_fastrtps_c__pyext.dir/rosidl_generator_py/turtlebot3_msgs/_turtlebot3_msgs_s.ep.rosidl_typesupport_fastrtps_c.c.o[0m
[5.661s] [ 96%] [32mBuilding C object CMakeFiles/turtlebot3_msgs__rosidl_typesupport_c__pyext.dir/rosidl_generator_py/turtlebot3_msgs/_turtlebot3_msgs_s.ep.rosidl_typesupport_c.c.o[0m
[5.763s] [ 97%] [1m[32mLinking C shared library rosidl_generator_py/turtlebot3_msgs/turtlebot3_msgs_s__rosidl_typesupport_introspection_c.cpython-310-x86_64-linux-gnu.so[0m
[5.789s] [ 98%] [1m[32mLinking C shared library rosidl_generator_py/turtlebot3_msgs/turtlebot3_msgs_s__rosidl_typesupport_c.cpython-310-x86_64-linux-gnu.so[0m
[5.804s] [ 98%] Built target turtlebot3_msgs__rosidl_typesupport_introspection_c__pyext
[5.806s] [100%] [1m[32mLinking C shared library rosidl_generator_py/turtlebot3_msgs/turtlebot3_msgs_s__rosidl_typesupport_fastrtps_c.cpython-310-x86_64-linux-gnu.so[0m
[5.820s] [100%] Built target turtlebot3_msgs__rosidl_typesupport_c__pyext
[5.837s] [100%] Built target turtlebot3_msgs__rosidl_typesupport_fastrtps_c__pyext
[5.843s] Invoked command in '/home/ljq/Desktop/ljq_zq/Turtlebot/TurtleBot3/turbot_ws/build/turtlebot3_msgs' returned '0': CMAKE_PREFIX_PATH=/opt/ros/humble /usr/bin/cmake --build /home/ljq/Desktop/ljq_zq/Turtlebot/TurtleBot3/turbot_ws/build/turtlebot3_msgs -- -j16 -l16
[5.845s] Invoking command in '/home/ljq/Desktop/ljq_zq/Turtlebot/TurtleBot3/turbot_ws/build/turtlebot3_msgs': CMAKE_PREFIX_PATH=/opt/ros/humble /usr/bin/cmake --install /home/ljq/Desktop/ljq_zq/Turtlebot/TurtleBot3/turbot_ws/build/turtlebot3_msgs
[5.849s] -- Install configuration: ""
[5.849s] -- Execute custom install script
[5.850s] -- Symlinking: /home/ljq/Desktop/ljq_zq/Turtlebot/TurtleBot3/turbot_ws/install/turtlebot3_msgs/share/ament_index/resource_index/rosidl_interfaces/turtlebot3_msgs
[5.856s] -- Symlinking: /home/ljq/Desktop/ljq_zq/Turtlebot/TurtleBot3/turbot_ws/install/turtlebot3_msgs/include/turtlebot3_msgs/turtlebot3_msgs/action/detail/patrol__functions.h
[5.861s] -- Symlinking: /home/ljq/Desktop/ljq_zq/Turtlebot/TurtleBot3/turbot_ws/install/turtlebot3_msgs/include/turtlebot3_msgs/turtlebot3_msgs/action/detail/patrol__struct.h
[5.866s] -- Symlinking: /home/ljq/Desktop/ljq_zq/Turtlebot/TurtleBot3/turbot_ws/install/turtlebot3_msgs/include/turtlebot3_msgs/turtlebot3_msgs/action/detail/patrol__type_support.h
[5.871s] -- Symlinking: /home/ljq/Desktop/ljq_zq/Turtlebot/TurtleBot3/turbot_ws/install/turtlebot3_msgs/include/turtlebot3_msgs/turtlebot3_msgs/action/patrol.h
[5.876s] -- Symlinking: /home/ljq/Desktop/ljq_zq/Turtlebot/TurtleBot3/turbot_ws/install/turtlebot3_msgs/include/turtlebot3_msgs/turtlebot3_msgs/msg/detail/sensor_state__functions.h
[5.880s] -- Symlinking: /home/ljq/Desktop/ljq_zq/Turtlebot/TurtleBot3/turbot_ws/install/turtlebot3_msgs/include/turtlebot3_msgs/turtlebot3_msgs/msg/detail/sensor_state__struct.h
[5.884s] -- Symlinking: /home/ljq/Desktop/ljq_zq/Turtlebot/TurtleBot3/turbot_ws/install/turtlebot3_msgs/include/turtlebot3_msgs/turtlebot3_msgs/msg/detail/sensor_state__type_support.h
[5.888s] -- Symlinking: /home/ljq/Desktop/ljq_zq/Turtlebot/TurtleBot3/turbot_ws/install/turtlebot3_msgs/include/turtlebot3_msgs/turtlebot3_msgs/msg/detail/sound__functions.h
[5.892s] -- Symlinking: /home/ljq/Desktop/ljq_zq/Turtlebot/TurtleBot3/turbot_ws/install/turtlebot3_msgs/include/turtlebot3_msgs/turtlebot3_msgs/msg/detail/sound__struct.h
[5.896s] -- Symlinking: /home/ljq/Desktop/ljq_zq/Turtlebot/TurtleBot3/turbot_ws/install/turtlebot3_msgs/include/turtlebot3_msgs/turtlebot3_msgs/msg/detail/sound__type_support.h
[5.900s] -- Symlinking: /home/ljq/Desktop/ljq_zq/Turtlebot/TurtleBot3/turbot_ws/install/turtlebot3_msgs/include/turtlebot3_msgs/turtlebot3_msgs/msg/detail/version_info__functions.h
[5.904s] -- Symlinking: /home/ljq/Desktop/ljq_zq/Turtlebot/TurtleBot3/turbot_ws/install/turtlebot3_msgs/include/turtlebot3_msgs/turtlebot3_msgs/msg/detail/version_info__struct.h
[5.909s] -- Symlinking: /home/ljq/Desktop/ljq_zq/Turtlebot/TurtleBot3/turbot_ws/install/turtlebot3_msgs/include/turtlebot3_msgs/turtlebot3_msgs/msg/detail/version_info__type_support.h
[5.913s] -- Symlinking: /home/ljq/Desktop/ljq_zq/Turtlebot/TurtleBot3/turbot_ws/install/turtlebot3_msgs/include/turtlebot3_msgs/turtlebot3_msgs/msg/rosidl_generator_c__visibility_control.h
[5.917s] -- Symlinking: /home/ljq/Desktop/ljq_zq/Turtlebot/TurtleBot3/turbot_ws/install/turtlebot3_msgs/include/turtlebot3_msgs/turtlebot3_msgs/msg/sensor_state.h
[5.922s] -- Symlinking: /home/ljq/Desktop/ljq_zq/Turtlebot/TurtleBot3/turbot_ws/install/turtlebot3_msgs/include/turtlebot3_msgs/turtlebot3_msgs/msg/sound.h
[5.927s] -- Symlinking: /home/ljq/Desktop/ljq_zq/Turtlebot/TurtleBot3/turbot_ws/install/turtlebot3_msgs/include/turtlebot3_msgs/turtlebot3_msgs/msg/version_info.h
[5.932s] -- Symlinking: /home/ljq/Desktop/ljq_zq/Turtlebot/TurtleBot3/turbot_ws/install/turtlebot3_msgs/include/turtlebot3_msgs/turtlebot3_msgs/srv/detail/dqn__functions.h
[5.936s] -- Symlinking: /home/ljq/Desktop/ljq_zq/Turtlebot/TurtleBot3/turbot_ws/install/turtlebot3_msgs/include/turtlebot3_msgs/turtlebot3_msgs/srv/detail/dqn__struct.h
[5.940s] -- Symlinking: /home/ljq/Desktop/ljq_zq/Turtlebot/TurtleBot3/turbot_ws/install/turtlebot3_msgs/include/turtlebot3_msgs/turtlebot3_msgs/srv/detail/dqn__type_support.h
[5.943s] -- Symlinking: /home/ljq/Desktop/ljq_zq/Turtlebot/TurtleBot3/turbot_ws/install/turtlebot3_msgs/include/turtlebot3_msgs/turtlebot3_msgs/srv/detail/goal__functions.h
[5.947s] -- Symlinking: /home/ljq/Desktop/ljq_zq/Turtlebot/TurtleBot3/turbot_ws/install/turtlebot3_msgs/include/turtlebot3_msgs/turtlebot3_msgs/srv/detail/goal__struct.h
[5.951s] -- Symlinking: /home/ljq/Desktop/ljq_zq/Turtlebot/TurtleBot3/turbot_ws/install/turtlebot3_msgs/include/turtlebot3_msgs/turtlebot3_msgs/srv/detail/goal__type_support.h
[5.954s] -- Symlinking: /home/ljq/Desktop/ljq_zq/Turtlebot/TurtleBot3/turbot_ws/install/turtlebot3_msgs/include/turtlebot3_msgs/turtlebot3_msgs/srv/detail/sound__functions.h
[5.958s] -- Symlinking: /home/ljq/Desktop/ljq_zq/Turtlebot/TurtleBot3/turbot_ws/install/turtlebot3_msgs/include/turtlebot3_msgs/turtlebot3_msgs/srv/detail/sound__struct.h
[5.962s] -- Symlinking: /home/ljq/Desktop/ljq_zq/Turtlebot/TurtleBot3/turbot_ws/install/turtlebot3_msgs/include/turtlebot3_msgs/turtlebot3_msgs/srv/detail/sound__type_support.h
[5.965s] -- Symlinking: /home/ljq/Desktop/ljq_zq/Turtlebot/TurtleBot3/turbot_ws/install/turtlebot3_msgs/include/turtlebot3_msgs/turtlebot3_msgs/srv/dqn.h
[5.969s] -- Symlinking: /home/ljq/Desktop/ljq_zq/Turtlebot/TurtleBot3/turbot_ws/install/turtlebot3_msgs/include/turtlebot3_msgs/turtlebot3_msgs/srv/goal.h
[5.972s] -- Symlinking: /home/ljq/Desktop/ljq_zq/Turtlebot/TurtleBot3/turbot_ws/install/turtlebot3_msgs/include/turtlebot3_msgs/turtlebot3_msgs/srv/sound.h
[5.976s] -- Symlinking: /home/ljq/Desktop/ljq_zq/Turtlebot/TurtleBot3/turbot_ws/install/turtlebot3_msgs/share/turtlebot3_msgs/environment/library_path.sh
[5.979s] -- Symlinking: /home/ljq/Desktop/ljq_zq/Turtlebot/TurtleBot3/turbot_ws/install/turtlebot3_msgs/share/turtlebot3_msgs/environment/library_path.dsv
[5.983s] -- Symlinking: /home/ljq/Desktop/ljq_zq/Turtlebot/TurtleBot3/turbot_ws/install/turtlebot3_msgs/include/turtlebot3_msgs/turtlebot3_msgs/action/detail/patrol__rosidl_typesupport_fastrtps_c.h
[5.987s] -- Symlinking: /home/ljq/Desktop/ljq_zq/Turtlebot/TurtleBot3/turbot_ws/install/turtlebot3_msgs/include/turtlebot3_msgs/turtlebot3_msgs/msg/detail/sensor_state__rosidl_typesupport_fastrtps_c.h
[5.990s] -- Symlinking: /home/ljq/Desktop/ljq_zq/Turtlebot/TurtleBot3/turbot_ws/install/turtlebot3_msgs/include/turtlebot3_msgs/turtlebot3_msgs/msg/detail/sound__rosidl_typesupport_fastrtps_c.h
[5.994s] -- Symlinking: /home/ljq/Desktop/ljq_zq/Turtlebot/TurtleBot3/turbot_ws/install/turtlebot3_msgs/include/turtlebot3_msgs/turtlebot3_msgs/msg/detail/version_info__rosidl_typesupport_fastrtps_c.h
[5.997s] -- Symlinking: /home/ljq/Desktop/ljq_zq/Turtlebot/TurtleBot3/turbot_ws/install/turtlebot3_msgs/include/turtlebot3_msgs/turtlebot3_msgs/msg/rosidl_typesupport_fastrtps_c__visibility_control.h
[6.001s] -- Symlinking: /home/ljq/Desktop/ljq_zq/Turtlebot/TurtleBot3/turbot_ws/install/turtlebot3_msgs/include/turtlebot3_msgs/turtlebot3_msgs/srv/detail/dqn__rosidl_typesupport_fastrtps_c.h
[6.004s] -- Symlinking: /home/ljq/Desktop/ljq_zq/Turtlebot/TurtleBot3/turbot_ws/install/turtlebot3_msgs/include/turtlebot3_msgs/turtlebot3_msgs/srv/detail/goal__rosidl_typesupport_fastrtps_c.h
[6.008s] -- Symlinking: /home/ljq/Desktop/ljq_zq/Turtlebot/TurtleBot3/turbot_ws/install/turtlebot3_msgs/include/turtlebot3_msgs/turtlebot3_msgs/srv/detail/sound__rosidl_typesupport_fastrtps_c.h
[6.012s] -- Symlinking: /home/ljq/Desktop/ljq_zq/Turtlebot/TurtleBot3/turbot_ws/install/turtlebot3_msgs/include/turtlebot3_msgs/turtlebot3_msgs/action/detail/patrol__builder.hpp
[6.015s] -- Symlinking: /home/ljq/Desktop/ljq_zq/Turtlebot/TurtleBot3/turbot_ws/install/turtlebot3_msgs/include/turtlebot3_msgs/turtlebot3_msgs/action/detail/patrol__struct.hpp
[6.019s] -- Symlinking: /home/ljq/Desktop/ljq_zq/Turtlebot/TurtleBot3/turbot_ws/install/turtlebot3_msgs/include/turtlebot3_msgs/turtlebot3_msgs/action/detail/patrol__traits.hpp
[6.022s] -- Symlinking: /home/ljq/Desktop/ljq_zq/Turtlebot/TurtleBot3/turbot_ws/install/turtlebot3_msgs/include/turtlebot3_msgs/turtlebot3_msgs/action/detail/patrol__type_support.hpp
[6.025s] -- Symlinking: /home/ljq/Desktop/ljq_zq/Turtlebot/TurtleBot3/turbot_ws/install/turtlebot3_msgs/include/turtlebot3_msgs/turtlebot3_msgs/action/patrol.hpp
[6.029s] -- Symlinking: /home/ljq/Desktop/ljq_zq/Turtlebot/TurtleBot3/turbot_ws/install/turtlebot3_msgs/include/turtlebot3_msgs/turtlebot3_msgs/msg/detail/sensor_state__builder.hpp
[6.032s] -- Symlinking: /home/ljq/Desktop/ljq_zq/Turtlebot/TurtleBot3/turbot_ws/install/turtlebot3_msgs/include/turtlebot3_msgs/turtlebot3_msgs/msg/detail/sensor_state__struct.hpp
[6.036s] -- Symlinking: /home/ljq/Desktop/ljq_zq/Turtlebot/TurtleBot3/turbot_ws/install/turtlebot3_msgs/include/turtlebot3_msgs/turtlebot3_msgs/msg/detail/sensor_state__traits.hpp
[6.039s] -- Symlinking: /home/ljq/Desktop/ljq_zq/Turtlebot/TurtleBot3/turbot_ws/install/turtlebot3_msgs/include/turtlebot3_msgs/turtlebot3_msgs/msg/detail/sensor_state__type_support.hpp
[6.043s] -- Symlinking: /home/ljq/Desktop/ljq_zq/Turtlebot/TurtleBot3/turbot_ws/install/turtlebot3_msgs/include/turtlebot3_msgs/turtlebot3_msgs/msg/detail/sound__builder.hpp
[6.046s] -- Symlinking: /home/ljq/Desktop/ljq_zq/Turtlebot/TurtleBot3/turbot_ws/install/turtlebot3_msgs/include/turtlebot3_msgs/turtlebot3_msgs/msg/detail/sound__struct.hpp
[6.050s] -- Symlinking: /home/ljq/Desktop/ljq_zq/Turtlebot/TurtleBot3/turbot_ws/install/turtlebot3_msgs/include/turtlebot3_msgs/turtlebot3_msgs/msg/detail/sound__traits.hpp
[6.053s] -- Symlinking: /home/ljq/Desktop/ljq_zq/Turtlebot/TurtleBot3/turbot_ws/install/turtlebot3_msgs/include/turtlebot3_msgs/turtlebot3_msgs/msg/detail/sound__type_support.hpp
[6.057s] -- Symlinking: /home/ljq/Desktop/ljq_zq/Turtlebot/TurtleBot3/turbot_ws/install/turtlebot3_msgs/include/turtlebot3_msgs/turtlebot3_msgs/msg/detail/version_info__builder.hpp
[6.060s] -- Symlinking: /home/ljq/Desktop/ljq_zq/Turtlebot/TurtleBot3/turbot_ws/install/turtlebot3_msgs/include/turtlebot3_msgs/turtlebot3_msgs/msg/detail/version_info__struct.hpp
[6.063s] -- Symlinking: /home/ljq/Desktop/ljq_zq/Turtlebot/TurtleBot3/turbot_ws/install/turtlebot3_msgs/include/turtlebot3_msgs/turtlebot3_msgs/msg/detail/version_info__traits.hpp
[6.067s] -- Symlinking: /home/ljq/Desktop/ljq_zq/Turtlebot/TurtleBot3/turbot_ws/install/turtlebot3_msgs/include/turtlebot3_msgs/turtlebot3_msgs/msg/detail/version_info__type_support.hpp
[6.070s] -- Symlinking: /home/ljq/Desktop/ljq_zq/Turtlebot/TurtleBot3/turbot_ws/install/turtlebot3_msgs/include/turtlebot3_msgs/turtlebot3_msgs/msg/rosidl_generator_cpp__visibility_control.hpp
[6.074s] -- Symlinking: /home/ljq/Desktop/ljq_zq/Turtlebot/TurtleBot3/turbot_ws/install/turtlebot3_msgs/include/turtlebot3_msgs/turtlebot3_msgs/msg/sensor_state.hpp
[6.077s] -- Symlinking: /home/ljq/Desktop/ljq_zq/Turtlebot/TurtleBot3/turbot_ws/install/turtlebot3_msgs/include/turtlebot3_msgs/turtlebot3_msgs/msg/sound.hpp
[6.081s] -- Symlinking: /home/ljq/Desktop/ljq_zq/Turtlebot/TurtleBot3/turbot_ws/install/turtlebot3_msgs/include/turtlebot3_msgs/turtlebot3_msgs/msg/version_info.hpp
[6.084s] -- Symlinking: /home/ljq/Desktop/ljq_zq/Turtlebot/TurtleBot3/turbot_ws/install/turtlebot3_msgs/include/turtlebot3_msgs/turtlebot3_msgs/srv/detail/dqn__builder.hpp
[6.088s] -- Symlinking: /home/ljq/Desktop/ljq_zq/Turtlebot/TurtleBot3/turbot_ws/install/turtlebot3_msgs/include/turtlebot3_msgs/turtlebot3_msgs/srv/detail/dqn__struct.hpp
[6.091s] -- Symlinking: /home/ljq/Desktop/ljq_zq/Turtlebot/TurtleBot3/turbot_ws/install/turtlebot3_msgs/include/turtlebot3_msgs/turtlebot3_msgs/srv/detail/dqn__traits.hpp
[6.095s] -- Symlinking: /home/ljq/Desktop/ljq_zq/Turtlebot/TurtleBot3/turbot_ws/install/turtlebot3_msgs/include/turtlebot3_msgs/turtlebot3_msgs/srv/detail/dqn__type_support.hpp
[6.098s] -- Symlinking: /home/ljq/Desktop/ljq_zq/Turtlebot/TurtleBot3/turbot_ws/install/turtlebot3_msgs/include/turtlebot3_msgs/turtlebot3_msgs/srv/detail/goal__builder.hpp
[6.102s] -- Symlinking: /home/ljq/Desktop/ljq_zq/Turtlebot/TurtleBot3/turbot_ws/install/turtlebot3_msgs/include/turtlebot3_msgs/turtlebot3_msgs/srv/detail/goal__struct.hpp
[6.105s] -- Symlinking: /home/ljq/Desktop/ljq_zq/Turtlebot/TurtleBot3/turbot_ws/install/turtlebot3_msgs/include/turtlebot3_msgs/turtlebot3_msgs/srv/detail/goal__traits.hpp
[6.109s] -- Symlinking: /home/ljq/Desktop/ljq_zq/Turtlebot/TurtleBot3/turbot_ws/install/turtlebot3_msgs/include/turtlebot3_msgs/turtlebot3_msgs/srv/detail/goal__type_support.hpp
[6.112s] -- Symlinking: /home/ljq/Desktop/ljq_zq/Turtlebot/TurtleBot3/turbot_ws/install/turtlebot3_msgs/include/turtlebot3_msgs/turtlebot3_msgs/srv/detail/sound__builder.hpp
[6.115s] -- Symlinking: /home/ljq/Desktop/ljq_zq/Turtlebot/TurtleBot3/turbot_ws/install/turtlebot3_msgs/include/turtlebot3_msgs/turtlebot3_msgs/srv/detail/sound__struct.hpp
[6.119s] -- Symlinking: /home/ljq/Desktop/ljq_zq/Turtlebot/TurtleBot3/turbot_ws/install/turtlebot3_msgs/include/turtlebot3_msgs/turtlebot3_msgs/srv/detail/sound__traits.hpp
[6.123s] -- Symlinking: /home/ljq/Desktop/ljq_zq/Turtlebot/TurtleBot3/turbot_ws/install/turtlebot3_msgs/include/turtlebot3_msgs/turtlebot3_msgs/srv/detail/sound__type_support.hpp
[6.126s] -- Symlinking: /home/ljq/Desktop/ljq_zq/Turtlebot/TurtleBot3/turbot_ws/install/turtlebot3_msgs/include/turtlebot3_msgs/turtlebot3_msgs/srv/dqn.hpp
[6.129s] -- Symlinking: /home/ljq/Desktop/ljq_zq/Turtlebot/TurtleBot3/turbot_ws/install/turtlebot3_msgs/include/turtlebot3_msgs/turtlebot3_msgs/srv/goal.hpp
[6.133s] -- Symlinking: /home/ljq/Desktop/ljq_zq/Turtlebot/TurtleBot3/turbot_ws/install/turtlebot3_msgs/include/turtlebot3_msgs/turtlebot3_msgs/srv/sound.hpp
[6.137s] -- Symlinking: /home/ljq/Desktop/ljq_zq/Turtlebot/TurtleBot3/turbot_ws/install/turtlebot3_msgs/include/turtlebot3_msgs/turtlebot3_msgs/action/detail/patrol__rosidl_typesupport_fastrtps_cpp.hpp
[6.141s] -- Symlinking: /home/ljq/Desktop/ljq_zq/Turtlebot/TurtleBot3/turbot_ws/install/turtlebot3_msgs/include/turtlebot3_msgs/turtlebot3_msgs/msg/detail/sensor_state__rosidl_typesupport_fastrtps_cpp.hpp
[6.144s] -- Symlinking: /home/ljq/Desktop/ljq_zq/Turtlebot/TurtleBot3/turbot_ws/install/turtlebot3_msgs/include/turtlebot3_msgs/turtlebot3_msgs/msg/detail/sound__rosidl_typesupport_fastrtps_cpp.hpp
[6.148s] -- Symlinking: /home/ljq/Desktop/ljq_zq/Turtlebot/TurtleBot3/turbot_ws/install/turtlebot3_msgs/include/turtlebot3_msgs/turtlebot3_msgs/msg/detail/version_info__rosidl_typesupport_fastrtps_cpp.hpp
[6.152s] -- Symlinking: /home/ljq/Desktop/ljq_zq/Turtlebot/TurtleBot3/turbot_ws/install/turtlebot3_msgs/include/turtlebot3_msgs/turtlebot3_msgs/msg/rosidl_typesupport_fastrtps_cpp__visibility_control.h
[6.155s] -- Symlinking: /home/ljq/Desktop/ljq_zq/Turtlebot/TurtleBot3/turbot_ws/install/turtlebot3_msgs/include/turtlebot3_msgs/turtlebot3_msgs/srv/detail/dqn__rosidl_typesupport_fastrtps_cpp.hpp
[6.159s] -- Symlinking: /home/ljq/Desktop/ljq_zq/Turtlebot/TurtleBot3/turbot_ws/install/turtlebot3_msgs/include/turtlebot3_msgs/turtlebot3_msgs/srv/detail/goal__rosidl_typesupport_fastrtps_cpp.hpp
[6.162s] -- Symlinking: /home/ljq/Desktop/ljq_zq/Turtlebot/TurtleBot3/turbot_ws/install/turtlebot3_msgs/include/turtlebot3_msgs/turtlebot3_msgs/srv/detail/sound__rosidl_typesupport_fastrtps_cpp.hpp
[6.166s] -- Symlinking: /home/ljq/Desktop/ljq_zq/Turtlebot/TurtleBot3/turbot_ws/install/turtlebot3_msgs/include/turtlebot3_msgs/turtlebot3_msgs/action/detail/patrol__rosidl_typesupport_introspection_c.h
[6.170s] -- Symlinking: /home/ljq/Desktop/ljq_zq/Turtlebot/TurtleBot3/turbot_ws/install/turtlebot3_msgs/include/turtlebot3_msgs/turtlebot3_msgs/msg/detail/sensor_state__rosidl_typesupport_introspection_c.h
[6.174s] -- Symlinking: /home/ljq/Desktop/ljq_zq/Turtlebot/TurtleBot3/turbot_ws/install/turtlebot3_msgs/include/turtlebot3_msgs/turtlebot3_msgs/msg/detail/sound__rosidl_typesupport_introspection_c.h
[6.177s] -- Symlinking: /home/ljq/Desktop/ljq_zq/Turtlebot/TurtleBot3/turbot_ws/install/turtlebot3_msgs/include/turtlebot3_msgs/turtlebot3_msgs/msg/detail/version_info__rosidl_typesupport_introspection_c.h
[6.181s] -- Symlinking: /home/ljq/Desktop/ljq_zq/Turtlebot/TurtleBot3/turbot_ws/install/turtlebot3_msgs/include/turtlebot3_msgs/turtlebot3_msgs/msg/rosidl_typesupport_introspection_c__visibility_control.h
[6.184s] -- Symlinking: /home/ljq/Desktop/ljq_zq/Turtlebot/TurtleBot3/turbot_ws/install/turtlebot3_msgs/include/turtlebot3_msgs/turtlebot3_msgs/srv/detail/dqn__rosidl_typesupport_introspection_c.h
[6.188s] -- Symlinking: /home/ljq/Desktop/ljq_zq/Turtlebot/TurtleBot3/turbot_ws/install/turtlebot3_msgs/include/turtlebot3_msgs/turtlebot3_msgs/srv/detail/goal__rosidl_typesupport_introspection_c.h
[6.191s] -- Symlinking: /home/ljq/Desktop/ljq_zq/Turtlebot/TurtleBot3/turbot_ws/install/turtlebot3_msgs/include/turtlebot3_msgs/turtlebot3_msgs/srv/detail/sound__rosidl_typesupport_introspection_c.h
[6.195s] -- Symlinking: /home/ljq/Desktop/ljq_zq/Turtlebot/TurtleBot3/turbot_ws/install/turtlebot3_msgs/include/turtlebot3_msgs/turtlebot3_msgs/action/detail/patrol__rosidl_typesupport_introspection_cpp.hpp
[6.199s] -- Symlinking: /home/ljq/Desktop/ljq_zq/Turtlebot/TurtleBot3/turbot_ws/install/turtlebot3_msgs/include/turtlebot3_msgs/turtlebot3_msgs/msg/detail/sensor_state__rosidl_typesupport_introspection_cpp.hpp
[6.203s] -- Symlinking: /home/ljq/Desktop/ljq_zq/Turtlebot/TurtleBot3/turbot_ws/install/turtlebot3_msgs/include/turtlebot3_msgs/turtlebot3_msgs/msg/detail/sound__rosidl_typesupport_introspection_cpp.hpp
[6.206s] -- Symlinking: /home/ljq/Desktop/ljq_zq/Turtlebot/TurtleBot3/turbot_ws/install/turtlebot3_msgs/include/turtlebot3_msgs/turtlebot3_msgs/msg/detail/version_info__rosidl_typesupport_introspection_cpp.hpp
[6.210s] -- Symlinking: /home/ljq/Desktop/ljq_zq/Turtlebot/TurtleBot3/turbot_ws/install/turtlebot3_msgs/include/turtlebot3_msgs/turtlebot3_msgs/srv/detail/dqn__rosidl_typesupport_introspection_cpp.hpp
[6.214s] -- Symlinking: /home/ljq/Desktop/ljq_zq/Turtlebot/TurtleBot3/turbot_ws/install/turtlebot3_msgs/include/turtlebot3_msgs/turtlebot3_msgs/srv/detail/goal__rosidl_typesupport_introspection_cpp.hpp
[6.217s] -- Symlinking: /home/ljq/Desktop/ljq_zq/Turtlebot/TurtleBot3/turbot_ws/install/turtlebot3_msgs/include/turtlebot3_msgs/turtlebot3_msgs/srv/detail/sound__rosidl_typesupport_introspection_cpp.hpp
[6.221s] -- Symlinking: /home/ljq/Desktop/ljq_zq/Turtlebot/TurtleBot3/turbot_ws/install/turtlebot3_msgs/share/turtlebot3_msgs/environment/pythonpath.sh
[6.224s] -- Symlinking: /home/ljq/Desktop/ljq_zq/Turtlebot/TurtleBot3/turbot_ws/install/turtlebot3_msgs/share/turtlebot3_msgs/environment/pythonpath.dsv
[6.228s] -- Symlinking: /home/ljq/Desktop/ljq_zq/Turtlebot/TurtleBot3/turbot_ws/install/turtlebot3_msgs/local/lib/python3.10/dist-packages/turtlebot3_msgs-2.4.0-py3.10.egg-info/PKG-INFO
[6.232s] -- Symlinking: /home/ljq/Desktop/ljq_zq/Turtlebot/TurtleBot3/turbot_ws/install/turtlebot3_msgs/local/lib/python3.10/dist-packages/turtlebot3_msgs-2.4.0-py3.10.egg-info/SOURCES.txt
[6.237s] -- Symlinking: /home/ljq/Desktop/ljq_zq/Turtlebot/TurtleBot3/turbot_ws/install/turtlebot3_msgs/local/lib/python3.10/dist-packages/turtlebot3_msgs-2.4.0-py3.10.egg-info/dependency_links.txt
[6.243s] -- Symlinking: /home/ljq/Desktop/ljq_zq/Turtlebot/TurtleBot3/turbot_ws/install/turtlebot3_msgs/local/lib/python3.10/dist-packages/turtlebot3_msgs-2.4.0-py3.10.egg-info/top_level.txt
[6.249s] -- Symlinking: /home/ljq/Desktop/ljq_zq/Turtlebot/TurtleBot3/turbot_ws/install/turtlebot3_msgs/local/lib/python3.10/dist-packages/turtlebot3_msgs/__init__.py
[6.254s] -- Symlinking: /home/ljq/Desktop/ljq_zq/Turtlebot/TurtleBot3/turbot_ws/install/turtlebot3_msgs/local/lib/python3.10/dist-packages/turtlebot3_msgs/_turtlebot3_msgs_s.ep.rosidl_typesupport_c.c
[6.258s] -- Symlinking: /home/ljq/Desktop/ljq_zq/Turtlebot/TurtleBot3/turbot_ws/install/turtlebot3_msgs/local/lib/python3.10/dist-packages/turtlebot3_msgs/_turtlebot3_msgs_s.ep.rosidl_typesupport_fastrtps_c.c
[6.262s] -- Symlinking: /home/ljq/Desktop/ljq_zq/Turtlebot/TurtleBot3/turbot_ws/install/turtlebot3_msgs/local/lib/python3.10/dist-packages/turtlebot3_msgs/_turtlebot3_msgs_s.ep.rosidl_typesupport_introspection_c.c
[6.265s] -- Symlinking: /home/ljq/Desktop/ljq_zq/Turtlebot/TurtleBot3/turbot_ws/install/turtlebot3_msgs/local/lib/python3.10/dist-packages/turtlebot3_msgs/action/__init__.py
[6.268s] -- Symlinking: /home/ljq/Desktop/ljq_zq/Turtlebot/TurtleBot3/turbot_ws/install/turtlebot3_msgs/local/lib/python3.10/dist-packages/turtlebot3_msgs/action/_patrol.py
[6.272s] -- Symlinking: /home/ljq/Desktop/ljq_zq/Turtlebot/TurtleBot3/turbot_ws/install/turtlebot3_msgs/local/lib/python3.10/dist-packages/turtlebot3_msgs/action/_patrol_s.c
[6.275s] -- Symlinking: /home/ljq/Desktop/ljq_zq/Turtlebot/TurtleBot3/turbot_ws/install/turtlebot3_msgs/local/lib/python3.10/dist-packages/turtlebot3_msgs/libturtlebot3_msgs__rosidl_generator_py.so
[6.279s] -- Symlinking: /home/ljq/Desktop/ljq_zq/Turtlebot/TurtleBot3/turbot_ws/install/turtlebot3_msgs/local/lib/python3.10/dist-packages/turtlebot3_msgs/msg/__init__.py
[6.282s] -- Symlinking: /home/ljq/Desktop/ljq_zq/Turtlebot/TurtleBot3/turbot_ws/install/turtlebot3_msgs/local/lib/python3.10/dist-packages/turtlebot3_msgs/msg/_sensor_state.py
[6.285s] -- Symlinking: /home/ljq/Desktop/ljq_zq/Turtlebot/TurtleBot3/turbot_ws/install/turtlebot3_msgs/local/lib/python3.10/dist-packages/turtlebot3_msgs/msg/_sensor_state_s.c
[6.289s] -- Symlinking: /home/ljq/Desktop/ljq_zq/Turtlebot/TurtleBot3/turbot_ws/install/turtlebot3_msgs/local/lib/python3.10/dist-packages/turtlebot3_msgs/msg/_sound.py
[6.292s] -- Symlinking: /home/ljq/Desktop/ljq_zq/Turtlebot/TurtleBot3/turbot_ws/install/turtlebot3_msgs/local/lib/python3.10/dist-packages/turtlebot3_msgs/msg/_sound_s.c
[6.295s] -- Symlinking: /home/ljq/Desktop/ljq_zq/Turtlebot/TurtleBot3/turbot_ws/install/turtlebot3_msgs/local/lib/python3.10/dist-packages/turtlebot3_msgs/msg/_version_info.py
[6.299s] -- Symlinking: /home/ljq/Desktop/ljq_zq/Turtlebot/TurtleBot3/turbot_ws/install/turtlebot3_msgs/local/lib/python3.10/dist-packages/turtlebot3_msgs/msg/_version_info_s.c
[6.302s] -- Symlinking: /home/ljq/Desktop/ljq_zq/Turtlebot/TurtleBot3/turbot_ws/install/turtlebot3_msgs/local/lib/python3.10/dist-packages/turtlebot3_msgs/srv/__init__.py
[6.305s] -- Symlinking: /home/ljq/Desktop/ljq_zq/Turtlebot/TurtleBot3/turbot_ws/install/turtlebot3_msgs/local/lib/python3.10/dist-packages/turtlebot3_msgs/srv/_dqn.py
[6.309s] -- Symlinking: /home/ljq/Desktop/ljq_zq/Turtlebot/TurtleBot3/turbot_ws/install/turtlebot3_msgs/local/lib/python3.10/dist-packages/turtlebot3_msgs/srv/_dqn_s.c
[6.312s] -- Symlinking: /home/ljq/Desktop/ljq_zq/Turtlebot/TurtleBot3/turbot_ws/install/turtlebot3_msgs/local/lib/python3.10/dist-packages/turtlebot3_msgs/srv/_goal.py
[6.316s] -- Symlinking: /home/ljq/Desktop/ljq_zq/Turtlebot/TurtleBot3/turbot_ws/install/turtlebot3_msgs/local/lib/python3.10/dist-packages/turtlebot3_msgs/srv/_goal_s.c
[6.319s] -- Symlinking: /home/ljq/Desktop/ljq_zq/Turtlebot/TurtleBot3/turbot_ws/install/turtlebot3_msgs/local/lib/python3.10/dist-packages/turtlebot3_msgs/srv/_sound.py
[6.322s] -- Symlinking: /home/ljq/Desktop/ljq_zq/Turtlebot/TurtleBot3/turbot_ws/install/turtlebot3_msgs/local/lib/python3.10/dist-packages/turtlebot3_msgs/srv/_sound_s.c
[6.326s] -- Symlinking: /home/ljq/Desktop/ljq_zq/Turtlebot/TurtleBot3/turbot_ws/install/turtlebot3_msgs/local/lib/python3.10/dist-packages/turtlebot3_msgs/turtlebot3_msgs_s__rosidl_typesupport_c.cpython-310-x86_64-linux-gnu.so
[6.329s] -- Symlinking: /home/ljq/Desktop/ljq_zq/Turtlebot/TurtleBot3/turbot_ws/install/turtlebot3_msgs/local/lib/python3.10/dist-packages/turtlebot3_msgs/turtlebot3_msgs_s__rosidl_typesupport_fastrtps_c.cpython-310-x86_64-linux-gnu.so
[6.333s] -- Symlinking: /home/ljq/Desktop/ljq_zq/Turtlebot/TurtleBot3/turbot_ws/install/turtlebot3_msgs/local/lib/python3.10/dist-packages/turtlebot3_msgs/turtlebot3_msgs_s__rosidl_typesupport_introspection_c.cpython-310-x86_64-linux-gnu.so
[6.336s] -- Up-to-date symlink: /home/ljq/Desktop/ljq_zq/Turtlebot/TurtleBot3/turbot_ws/install/turtlebot3_msgs/local/lib/python3.10/dist-packages/turtlebot3_msgs/turtlebot3_msgs_s__rosidl_typesupport_fastrtps_c.cpython-310-x86_64-linux-gnu.so
[6.337s] -- Up-to-date symlink: /home/ljq/Desktop/ljq_zq/Turtlebot/TurtleBot3/turbot_ws/install/turtlebot3_msgs/local/lib/python3.10/dist-packages/turtlebot3_msgs/turtlebot3_msgs_s__rosidl_typesupport_introspection_c.cpython-310-x86_64-linux-gnu.so
[6.337s] -- Up-to-date symlink: /home/ljq/Desktop/ljq_zq/Turtlebot/TurtleBot3/turbot_ws/install/turtlebot3_msgs/local/lib/python3.10/dist-packages/turtlebot3_msgs/turtlebot3_msgs_s__rosidl_typesupport_c.cpython-310-x86_64-linux-gnu.so
[6.337s] -- Symlinking: /home/ljq/Desktop/ljq_zq/Turtlebot/TurtleBot3/turbot_ws/install/turtlebot3_msgs/share/ament_index/resource_index/rust_packages/turtlebot3_msgs
[6.341s] -- Symlinking: /home/ljq/Desktop/ljq_zq/Turtlebot/TurtleBot3/turbot_ws/install/turtlebot3_msgs/share/turtlebot3_msgs/rust/Cargo.toml
[6.344s] -- Symlinking: /home/ljq/Desktop/ljq_zq/Turtlebot/TurtleBot3/turbot_ws/install/turtlebot3_msgs/share/turtlebot3_msgs/rust/build.rs
[6.348s] -- Symlinking: /home/ljq/Desktop/ljq_zq/Turtlebot/TurtleBot3/turbot_ws/install/turtlebot3_msgs/share/turtlebot3_msgs/rust/src/action.rs
[6.351s] -- Symlinking: /home/ljq/Desktop/ljq_zq/Turtlebot/TurtleBot3/turbot_ws/install/turtlebot3_msgs/share/turtlebot3_msgs/rust/src/action/rmw.rs
[6.355s] -- Symlinking: /home/ljq/Desktop/ljq_zq/Turtlebot/TurtleBot3/turbot_ws/install/turtlebot3_msgs/share/turtlebot3_msgs/rust/src/lib.rs
[6.359s] -- Symlinking: /home/ljq/Desktop/ljq_zq/Turtlebot/TurtleBot3/turbot_ws/install/turtlebot3_msgs/share/turtlebot3_msgs/rust/src/msg.rs
[6.362s] -- Symlinking: /home/ljq/Desktop/ljq_zq/Turtlebot/TurtleBot3/turbot_ws/install/turtlebot3_msgs/share/turtlebot3_msgs/rust/src/msg/rmw.rs
[6.366s] -- Symlinking: /home/ljq/Desktop/ljq_zq/Turtlebot/TurtleBot3/turbot_ws/install/turtlebot3_msgs/share/turtlebot3_msgs/rust/src/srv.rs
[6.369s] -- Symlinking: /home/ljq/Desktop/ljq_zq/Turtlebot/TurtleBot3/turbot_ws/install/turtlebot3_msgs/share/turtlebot3_msgs/rust/src/srv/rmw.rs
[6.373s] -- Symlinking: /home/ljq/Desktop/ljq_zq/Turtlebot/TurtleBot3/turbot_ws/install/turtlebot3_msgs/share/turtlebot3_msgs/msg/SensorState.idl
[6.376s] -- Symlinking: /home/ljq/Desktop/ljq_zq/Turtlebot/TurtleBot3/turbot_ws/install/turtlebot3_msgs/share/turtlebot3_msgs/msg/Sound.idl
[6.380s] -- Symlinking: /home/ljq/Desktop/ljq_zq/Turtlebot/TurtleBot3/turbot_ws/install/turtlebot3_msgs/share/turtlebot3_msgs/msg/VersionInfo.idl
[6.384s] -- Symlinking: /home/ljq/Desktop/ljq_zq/Turtlebot/TurtleBot3/turbot_ws/install/turtlebot3_msgs/share/turtlebot3_msgs/srv/Sound.idl
[6.387s] -- Symlinking: /home/ljq/Desktop/ljq_zq/Turtlebot/TurtleBot3/turbot_ws/install/turtlebot3_msgs/share/turtlebot3_msgs/srv/Dqn.idl
[6.391s] -- Symlinking: /home/ljq/Desktop/ljq_zq/Turtlebot/TurtleBot3/turbot_ws/install/turtlebot3_msgs/share/turtlebot3_msgs/srv/Goal.idl
[6.394s] -- Symlinking: /home/ljq/Desktop/ljq_zq/Turtlebot/TurtleBot3/turbot_ws/install/turtlebot3_msgs/share/turtlebot3_msgs/action/Patrol.idl
[6.398s] -- Symlinking: /home/ljq/Desktop/ljq_zq/Turtlebot/TurtleBot3/turbot_ws/install/turtlebot3_msgs/share/turtlebot3_msgs/msg/SensorState.msg
[6.402s] -- Symlinking: /home/ljq/Desktop/ljq_zq/Turtlebot/TurtleBot3/turbot_ws/install/turtlebot3_msgs/share/turtlebot3_msgs/msg/Sound.msg
[6.406s] -- Symlinking: /home/ljq/Desktop/ljq_zq/Turtlebot/TurtleBot3/turbot_ws/install/turtlebot3_msgs/share/turtlebot3_msgs/msg/VersionInfo.msg
[6.409s] -- Symlinking: /home/ljq/Desktop/ljq_zq/Turtlebot/TurtleBot3/turbot_ws/install/turtlebot3_msgs/share/turtlebot3_msgs/srv/Sound.srv
[6.416s] -- Symlinking: /home/ljq/Desktop/ljq_zq/Turtlebot/TurtleBot3/turbot_ws/install/turtlebot3_msgs/share/turtlebot3_msgs/srv/Sound_Request.msg
[6.420s] -- Symlinking: /home/ljq/Desktop/ljq_zq/Turtlebot/TurtleBot3/turbot_ws/install/turtlebot3_msgs/share/turtlebot3_msgs/srv/Sound_Response.msg
[6.424s] -- Symlinking: /home/ljq/Desktop/ljq_zq/Turtlebot/TurtleBot3/turbot_ws/install/turtlebot3_msgs/share/turtlebot3_msgs/srv/Dqn.srv
[6.427s] -- Symlinking: /home/ljq/Desktop/ljq_zq/Turtlebot/TurtleBot3/turbot_ws/install/turtlebot3_msgs/share/turtlebot3_msgs/srv/Dqn_Request.msg
[6.431s] -- Symlinking: /home/ljq/Desktop/ljq_zq/Turtlebot/TurtleBot3/turbot_ws/install/turtlebot3_msgs/share/turtlebot3_msgs/srv/Dqn_Response.msg
[6.435s] -- Symlinking: /home/ljq/Desktop/ljq_zq/Turtlebot/TurtleBot3/turbot_ws/install/turtlebot3_msgs/share/turtlebot3_msgs/srv/Goal.srv
[6.439s] -- Symlinking: /home/ljq/Desktop/ljq_zq/Turtlebot/TurtleBot3/turbot_ws/install/turtlebot3_msgs/share/turtlebot3_msgs/srv/Goal_Request.msg
[6.442s] -- Symlinking: /home/ljq/Desktop/ljq_zq/Turtlebot/TurtleBot3/turbot_ws/install/turtlebot3_msgs/share/turtlebot3_msgs/srv/Goal_Response.msg
[6.446s] -- Symlinking: /home/ljq/Desktop/ljq_zq/Turtlebot/TurtleBot3/turbot_ws/install/turtlebot3_msgs/share/turtlebot3_msgs/action/Patrol.action
[6.450s] -- Symlinking: /home/ljq/Desktop/ljq_zq/Turtlebot/TurtleBot3/turbot_ws/install/turtlebot3_msgs/share/ament_index/resource_index/package_run_dependencies/turtlebot3_msgs
[6.453s] -- Symlinking: /home/ljq/Desktop/ljq_zq/Turtlebot/TurtleBot3/turbot_ws/install/turtlebot3_msgs/share/ament_index/resource_index/parent_prefix_path/turtlebot3_msgs
[6.457s] -- Symlinking: /home/ljq/Desktop/ljq_zq/Turtlebot/TurtleBot3/turbot_ws/install/turtlebot3_msgs/share/turtlebot3_msgs/environment/ament_prefix_path.sh
[6.460s] -- Symlinking: /home/ljq/Desktop/ljq_zq/Turtlebot/TurtleBot3/turbot_ws/install/turtlebot3_msgs/share/turtlebot3_msgs/environment/ament_prefix_path.dsv
[6.464s] -- Symlinking: /home/ljq/Desktop/ljq_zq/Turtlebot/TurtleBot3/turbot_ws/install/turtlebot3_msgs/share/turtlebot3_msgs/environment/path.sh
[6.468s] -- Symlinking: /home/ljq/Desktop/ljq_zq/Turtlebot/TurtleBot3/turbot_ws/install/turtlebot3_msgs/share/turtlebot3_msgs/environment/path.dsv
[6.471s] -- Symlinking: /home/ljq/Desktop/ljq_zq/Turtlebot/TurtleBot3/turbot_ws/install/turtlebot3_msgs/share/turtlebot3_msgs/local_setup.bash
[6.475s] -- Symlinking: /home/ljq/Desktop/ljq_zq/Turtlebot/TurtleBot3/turbot_ws/install/turtlebot3_msgs/share/turtlebot3_msgs/local_setup.sh
[6.479s] -- Symlinking: /home/ljq/Desktop/ljq_zq/Turtlebot/TurtleBot3/turbot_ws/install/turtlebot3_msgs/share/turtlebot3_msgs/local_setup.zsh
[6.482s] -- Symlinking: /home/ljq/Desktop/ljq_zq/Turtlebot/TurtleBot3/turbot_ws/install/turtlebot3_msgs/share/turtlebot3_msgs/local_setup.dsv
[6.486s] -- Symlinking: /home/ljq/Desktop/ljq_zq/Turtlebot/TurtleBot3/turbot_ws/install/turtlebot3_msgs/share/turtlebot3_msgs/package.dsv
[6.490s] -- Symlinking: /home/ljq/Desktop/ljq_zq/Turtlebot/TurtleBot3/turbot_ws/install/turtlebot3_msgs/share/ament_index/resource_index/packages/turtlebot3_msgs
[6.493s] -- Symlinking: /home/ljq/Desktop/ljq_zq/Turtlebot/TurtleBot3/turbot_ws/install/turtlebot3_msgs/share/turtlebot3_msgs/cmake/rosidl_cmake-extras.cmake
[6.497s] -- Symlinking: /home/ljq/Desktop/ljq_zq/Turtlebot/TurtleBot3/turbot_ws/install/turtlebot3_msgs/share/turtlebot3_msgs/cmake/ament_cmake_export_dependencies-extras.cmake
[6.501s] -- Symlinking: /home/ljq/Desktop/ljq_zq/Turtlebot/TurtleBot3/turbot_ws/install/turtlebot3_msgs/share/turtlebot3_msgs/cmake/ament_cmake_export_include_directories-extras.cmake
[6.505s] -- Symlinking: /home/ljq/Desktop/ljq_zq/Turtlebot/TurtleBot3/turbot_ws/install/turtlebot3_msgs/share/turtlebot3_msgs/cmake/ament_cmake_export_libraries-extras.cmake
[6.508s] -- Symlinking: /home/ljq/Desktop/ljq_zq/Turtlebot/TurtleBot3/turbot_ws/install/turtlebot3_msgs/share/turtlebot3_msgs/cmake/ament_cmake_export_targets-extras.cmake
[6.512s] -- Symlinking: /home/ljq/Desktop/ljq_zq/Turtlebot/TurtleBot3/turbot_ws/install/turtlebot3_msgs/share/turtlebot3_msgs/cmake/rosidl_cmake_export_typesupport_targets-extras.cmake
[6.516s] -- Symlinking: /home/ljq/Desktop/ljq_zq/Turtlebot/TurtleBot3/turbot_ws/install/turtlebot3_msgs/share/turtlebot3_msgs/cmake/rosidl_cmake_export_typesupport_libraries-extras.cmake
[6.519s] -- Symlinking: /home/ljq/Desktop/ljq_zq/Turtlebot/TurtleBot3/turbot_ws/install/turtlebot3_msgs/share/turtlebot3_msgs/cmake/rosidl_cmake_aggregate_target-extras.cmake
[6.523s] -- Symlinking: /home/ljq/Desktop/ljq_zq/Turtlebot/TurtleBot3/turbot_ws/install/turtlebot3_msgs/share/turtlebot3_msgs/cmake/turtlebot3_msgsConfig.cmake
[6.527s] -- Symlinking: /home/ljq/Desktop/ljq_zq/Turtlebot/TurtleBot3/turbot_ws/install/turtlebot3_msgs/share/turtlebot3_msgs/cmake/turtlebot3_msgsConfig-version.cmake
[6.531s] -- Symlinking: /home/ljq/Desktop/ljq_zq/Turtlebot/TurtleBot3/turbot_ws/install/turtlebot3_msgs/share/turtlebot3_msgs/package.xml
[6.534s] -- Installing: /home/ljq/Desktop/ljq_zq/Turtlebot/TurtleBot3/turbot_ws/install/turtlebot3_msgs/lib/libturtlebot3_msgs__rosidl_generator_c.so
[6.535s] -- Set non-toolchain portion of runtime path of "/home/ljq/Desktop/ljq_zq/Turtlebot/TurtleBot3/turbot_ws/install/turtlebot3_msgs/lib/libturtlebot3_msgs__rosidl_generator_c.so" to ""
[6.535s] -- Installing: /home/ljq/Desktop/ljq_zq/Turtlebot/TurtleBot3/turbot_ws/install/turtlebot3_msgs/lib/libturtlebot3_msgs__rosidl_typesupport_fastrtps_c.so
[6.535s] -- Set non-toolchain portion of runtime path of "/home/ljq/Desktop/ljq_zq/Turtlebot/TurtleBot3/turbot_ws/install/turtlebot3_msgs/lib/libturtlebot3_msgs__rosidl_typesupport_fastrtps_c.so" to ""
[6.535s] -- Installing: /home/ljq/Desktop/ljq_zq/Turtlebot/TurtleBot3/turbot_ws/install/turtlebot3_msgs/lib/libturtlebot3_msgs__rosidl_typesupport_fastrtps_cpp.so
[6.535s] -- Set non-toolchain portion of runtime path of "/home/ljq/Desktop/ljq_zq/Turtlebot/TurtleBot3/turbot_ws/install/turtlebot3_msgs/lib/libturtlebot3_msgs__rosidl_typesupport_fastrtps_cpp.so" to ""
[6.535s] -- Installing: /home/ljq/Desktop/ljq_zq/Turtlebot/TurtleBot3/turbot_ws/install/turtlebot3_msgs/lib/libturtlebot3_msgs__rosidl_typesupport_introspection_c.so
[6.536s] -- Set non-toolchain portion of runtime path of "/home/ljq/Desktop/ljq_zq/Turtlebot/TurtleBot3/turbot_ws/install/turtlebot3_msgs/lib/libturtlebot3_msgs__rosidl_typesupport_introspection_c.so" to ""
[6.536s] -- Installing: /home/ljq/Desktop/ljq_zq/Turtlebot/TurtleBot3/turbot_ws/install/turtlebot3_msgs/lib/libturtlebot3_msgs__rosidl_typesupport_c.so
[6.536s] -- Set non-toolchain portion of runtime path of "/home/ljq/Desktop/ljq_zq/Turtlebot/TurtleBot3/turbot_ws/install/turtlebot3_msgs/lib/libturtlebot3_msgs__rosidl_typesupport_c.so" to ""
[6.536s] -- Installing: /home/ljq/Desktop/ljq_zq/Turtlebot/TurtleBot3/turbot_ws/install/turtlebot3_msgs/lib/libturtlebot3_msgs__rosidl_typesupport_introspection_cpp.so
[6.536s] -- Set non-toolchain portion of runtime path of "/home/ljq/Desktop/ljq_zq/Turtlebot/TurtleBot3/turbot_ws/install/turtlebot3_msgs/lib/libturtlebot3_msgs__rosidl_typesupport_introspection_cpp.so" to ""
[6.536s] -- Installing: /home/ljq/Desktop/ljq_zq/Turtlebot/TurtleBot3/turbot_ws/install/turtlebot3_msgs/lib/libturtlebot3_msgs__rosidl_typesupport_cpp.so
[6.537s] -- Set non-toolchain portion of runtime path of "/home/ljq/Desktop/ljq_zq/Turtlebot/TurtleBot3/turbot_ws/install/turtlebot3_msgs/lib/libturtlebot3_msgs__rosidl_typesupport_cpp.so" to ""
[6.570s] Listing '/home/ljq/Desktop/ljq_zq/Turtlebot/TurtleBot3/turbot_ws/install/turtlebot3_msgs/local/lib/python3.10/dist-packages/turtlebot3_msgs'...
[6.570s] Compiling '/home/ljq/Desktop/ljq_zq/Turtlebot/TurtleBot3/turbot_ws/install/turtlebot3_msgs/local/lib/python3.10/dist-packages/turtlebot3_msgs/__init__.py'...
[6.570s] Listing '/home/ljq/Desktop/ljq_zq/Turtlebot/TurtleBot3/turbot_ws/install/turtlebot3_msgs/local/lib/python3.10/dist-packages/turtlebot3_msgs/action'...
[6.570s] Compiling '/home/ljq/Desktop/ljq_zq/Turtlebot/TurtleBot3/turbot_ws/install/turtlebot3_msgs/local/lib/python3.10/dist-packages/turtlebot3_msgs/action/__init__.py'...
[6.570s] Compiling '/home/ljq/Desktop/ljq_zq/Turtlebot/TurtleBot3/turbot_ws/install/turtlebot3_msgs/local/lib/python3.10/dist-packages/turtlebot3_msgs/action/_patrol.py'...
[6.570s] Listing '/home/ljq/Desktop/ljq_zq/Turtlebot/TurtleBot3/turbot_ws/install/turtlebot3_msgs/local/lib/python3.10/dist-packages/turtlebot3_msgs/msg'...
[6.570s] Compiling '/home/ljq/Desktop/ljq_zq/Turtlebot/TurtleBot3/turbot_ws/install/turtlebot3_msgs/local/lib/python3.10/dist-packages/turtlebot3_msgs/msg/__init__.py'...
[6.570s] Compiling '/home/ljq/Desktop/ljq_zq/Turtlebot/TurtleBot3/turbot_ws/install/turtlebot3_msgs/local/lib/python3.10/dist-packages/turtlebot3_msgs/msg/_sensor_state.py'...
[6.570s] Compiling '/home/ljq/Desktop/ljq_zq/Turtlebot/TurtleBot3/turbot_ws/install/turtlebot3_msgs/local/lib/python3.10/dist-packages/turtlebot3_msgs/msg/_sound.py'...
[6.570s] Compiling '/home/ljq/Desktop/ljq_zq/Turtlebot/TurtleBot3/turbot_ws/install/turtlebot3_msgs/local/lib/python3.10/dist-packages/turtlebot3_msgs/msg/_version_info.py'...
[6.570s] Listing '/home/ljq/Desktop/ljq_zq/Turtlebot/TurtleBot3/turbot_ws/install/turtlebot3_msgs/local/lib/python3.10/dist-packages/turtlebot3_msgs/srv'...
[6.570s] Compiling '/home/ljq/Desktop/ljq_zq/Turtlebot/TurtleBot3/turbot_ws/install/turtlebot3_msgs/local/lib/python3.10/dist-packages/turtlebot3_msgs/srv/__init__.py'...
[6.570s] Compiling '/home/ljq/Desktop/ljq_zq/Turtlebot/TurtleBot3/turbot_ws/install/turtlebot3_msgs/local/lib/python3.10/dist-packages/turtlebot3_msgs/srv/_dqn.py'...
[6.570s] Compiling '/home/ljq/Desktop/ljq_zq/Turtlebot/TurtleBot3/turbot_ws/install/turtlebot3_msgs/local/lib/python3.10/dist-packages/turtlebot3_msgs/srv/_goal.py'...
[6.571s] Compiling '/home/ljq/Desktop/ljq_zq/Turtlebot/TurtleBot3/turbot_ws/install/turtlebot3_msgs/local/lib/python3.10/dist-packages/turtlebot3_msgs/srv/_sound.py'...
[6.574s] -- Installing: /home/ljq/Desktop/ljq_zq/Turtlebot/TurtleBot3/turbot_ws/install/turtlebot3_msgs/lib/libturtlebot3_msgs__rosidl_generator_py.so
[6.574s] -- Set non-toolchain portion of runtime path of "/home/ljq/Desktop/ljq_zq/Turtlebot/TurtleBot3/turbot_ws/install/turtlebot3_msgs/lib/libturtlebot3_msgs__rosidl_generator_py.so" to ""
[6.574s] -- Installing: /home/ljq/Desktop/ljq_zq/Turtlebot/TurtleBot3/turbot_ws/install/turtlebot3_msgs/share/turtlebot3_msgs/cmake/export_turtlebot3_msgs__rosidl_generator_cExport.cmake
[6.574s] -- Installing: /home/ljq/Desktop/ljq_zq/Turtlebot/TurtleBot3/turbot_ws/install/turtlebot3_msgs/share/turtlebot3_msgs/cmake/export_turtlebot3_msgs__rosidl_generator_cExport-noconfig.cmake
[6.574s] -- Installing: /home/ljq/Desktop/ljq_zq/Turtlebot/TurtleBot3/turbot_ws/install/turtlebot3_msgs/share/turtlebot3_msgs/cmake/export_turtlebot3_msgs__rosidl_typesupport_fastrtps_cExport.cmake
[6.574s] -- Installing: /home/ljq/Desktop/ljq_zq/Turtlebot/TurtleBot3/turbot_ws/install/turtlebot3_msgs/share/turtlebot3_msgs/cmake/export_turtlebot3_msgs__rosidl_typesupport_fastrtps_cExport-noconfig.cmake
[6.575s] -- Installing: /home/ljq/Desktop/ljq_zq/Turtlebot/TurtleBot3/turbot_ws/install/turtlebot3_msgs/share/turtlebot3_msgs/cmake/export_turtlebot3_msgs__rosidl_generator_cppExport.cmake
[6.575s] -- Installing: /home/ljq/Desktop/ljq_zq/Turtlebot/TurtleBot3/turbot_ws/install/turtlebot3_msgs/share/turtlebot3_msgs/cmake/export_turtlebot3_msgs__rosidl_typesupport_fastrtps_cppExport.cmake
[6.575s] -- Installing: /home/ljq/Desktop/ljq_zq/Turtlebot/TurtleBot3/turbot_ws/install/turtlebot3_msgs/share/turtlebot3_msgs/cmake/export_turtlebot3_msgs__rosidl_typesupport_fastrtps_cppExport-noconfig.cmake
[6.575s] -- Installing: /home/ljq/Desktop/ljq_zq/Turtlebot/TurtleBot3/turbot_ws/install/turtlebot3_msgs/share/turtlebot3_msgs/cmake/turtlebot3_msgs__rosidl_typesupport_introspection_cExport.cmake
[6.575s] -- Installing: /home/ljq/Desktop/ljq_zq/Turtlebot/TurtleBot3/turbot_ws/install/turtlebot3_msgs/share/turtlebot3_msgs/cmake/turtlebot3_msgs__rosidl_typesupport_introspection_cExport-noconfig.cmake
[6.575s] -- Installing: /home/ljq/Desktop/ljq_zq/Turtlebot/TurtleBot3/turbot_ws/install/turtlebot3_msgs/share/turtlebot3_msgs/cmake/turtlebot3_msgs__rosidl_typesupport_cExport.cmake
[6.575s] -- Installing: /home/ljq/Desktop/ljq_zq/Turtlebot/TurtleBot3/turbot_ws/install/turtlebot3_msgs/share/turtlebot3_msgs/cmake/turtlebot3_msgs__rosidl_typesupport_cExport-noconfig.cmake
[6.575s] -- Installing: /home/ljq/Desktop/ljq_zq/Turtlebot/TurtleBot3/turbot_ws/install/turtlebot3_msgs/share/turtlebot3_msgs/cmake/turtlebot3_msgs__rosidl_typesupport_introspection_cppExport.cmake
[6.575s] -- Installing: /home/ljq/Desktop/ljq_zq/Turtlebot/TurtleBot3/turbot_ws/install/turtlebot3_msgs/share/turtlebot3_msgs/cmake/turtlebot3_msgs__rosidl_typesupport_introspection_cppExport-noconfig.cmake
[6.576s] -- Installing: /home/ljq/Desktop/ljq_zq/Turtlebot/TurtleBot3/turbot_ws/install/turtlebot3_msgs/share/turtlebot3_msgs/cmake/turtlebot3_msgs__rosidl_typesupport_cppExport.cmake
[6.576s] -- Installing: /home/ljq/Desktop/ljq_zq/Turtlebot/TurtleBot3/turbot_ws/install/turtlebot3_msgs/share/turtlebot3_msgs/cmake/turtlebot3_msgs__rosidl_typesupport_cppExport-noconfig.cmake
[6.576s] -- Installing: /home/ljq/Desktop/ljq_zq/Turtlebot/TurtleBot3/turbot_ws/install/turtlebot3_msgs/share/turtlebot3_msgs/cmake/export_turtlebot3_msgs__rosidl_generator_pyExport.cmake
[6.576s] -- Installing: /home/ljq/Desktop/ljq_zq/Turtlebot/TurtleBot3/turbot_ws/install/turtlebot3_msgs/share/turtlebot3_msgs/cmake/export_turtlebot3_msgs__rosidl_generator_pyExport-noconfig.cmake
[6.578s] Invoked command in '/home/ljq/Desktop/ljq_zq/Turtlebot/TurtleBot3/turbot_ws/build/turtlebot3_msgs' returned '0': CMAKE_PREFIX_PATH=/opt/ros/humble /usr/bin/cmake --install /home/ljq/Desktop/ljq_zq/Turtlebot/TurtleBot3/turbot_ws/build/turtlebot3_msgs
