[0.022s] Invoking command in '/home/ljq/Desktop/ljq_zq/Turtlebot/TurtleBot3/turbot_ws/build/dynamixel_sdk': CMAKE_PREFIX_PATH=/opt/ros/humble /usr/bin/cmake /home/ljq/Desktop/ljq_zq/Turtlebot/TurtleBot3/turbot_ws/src/DynamixelSDK/ros/dynamixel_sdk -DAMENT_CMAKE_SYMLINK_INSTALL=1 -DCMAKE_INSTALL_PREFIX=/home/ljq/Desktop/ljq_zq/Turtlebot/TurtleBot3/turbot_ws/install/dynamixel_sdk
[0.033s] [0mCMake Deprecation Warning at CMakeLists.txt:4 (cmake_minimum_required):
[0.033s]   Compatibility with CMake < 3.10 will be removed from a future version of
[0.033s]   CMake.
[0.033s] 
[0.033s]   Update the VERSION argument <min> value.  Or, use the <min>...<max> syntax
[0.033s]   to tell CMake that the project requires at least <min> but has been updated
[0.034s]   to work with policies introduced by <max> or earlier.
[0.034s] 
[0.034s] [0m
[0.060s] -- The C compiler identification is GNU 11.4.0
[0.109s] -- The CXX compiler identification is GNU 11.4.0
[0.115s] -- Detecting C compiler ABI info
[0.161s] -- Detecting C compiler ABI info - done
[0.173s] -- Check for working C compiler: /usr/bin/cc - skipped
[0.173s] -- Detecting C compile features
[0.173s] -- Detecting C compile features - done
[0.182s] -- Detecting CXX compiler ABI info
[0.234s] -- Detecting CXX compiler ABI info - done
[0.248s] -- Check for working CXX compiler: /usr/bin/c++ - skipped
[0.248s] -- Detecting CXX compile features
[0.249s] -- Detecting CXX compile features - done
[0.256s] -- Found ament_cmake: 1.3.14 (/opt/ros/humble/share/ament_cmake/cmake)
[0.348s] -- Found Python3: /usr/bin/python3 (found version "3.10.12") found components: Interpreter
[0.392s] -- Override CMake install command with custom implementation using symlinks instead of copying resources
[0.580s] -- Configuring done (0.6s)
[0.590s] -- Generating done (0.0s)
[0.592s] -- Build files have been written to: /home/ljq/Desktop/ljq_zq/Turtlebot/TurtleBot3/turbot_ws/build/dynamixel_sdk
[0.597s] Invoked command in '/home/ljq/Desktop/ljq_zq/Turtlebot/TurtleBot3/turbot_ws/build/dynamixel_sdk' returned '0': CMAKE_PREFIX_PATH=/opt/ros/humble /usr/bin/cmake /home/ljq/Desktop/ljq_zq/Turtlebot/TurtleBot3/turbot_ws/src/DynamixelSDK/ros/dynamixel_sdk -DAMENT_CMAKE_SYMLINK_INSTALL=1 -DCMAKE_INSTALL_PREFIX=/home/ljq/Desktop/ljq_zq/Turtlebot/TurtleBot3/turbot_ws/install/dynamixel_sdk
[0.598s] Invoking command in '/home/ljq/Desktop/ljq_zq/Turtlebot/TurtleBot3/turbot_ws/build/dynamixel_sdk': CMAKE_PREFIX_PATH=/opt/ros/humble /usr/bin/cmake --build /home/ljq/Desktop/ljq_zq/Turtlebot/TurtleBot3/turbot_ws/build/dynamixel_sdk -- -j16 -l16
[0.618s] [  5%] [32mBuilding CXX object CMakeFiles/dynamixel_sdk.dir/src/dynamixel_sdk/packet_handler.cpp.o[0m
[0.619s] [ 11%] [32mBuilding CXX object CMakeFiles/dynamixel_sdk.dir/src/dynamixel_sdk/protocol1_packet_handler.cpp.o[0m
[0.619s] [ 16%] [32mBuilding CXX object CMakeFiles/dynamixel_sdk.dir/src/dynamixel_sdk/protocol2_packet_handler.cpp.o[0m
[0.619s] [ 27%] [32mBuilding CXX object CMakeFiles/dynamixel_sdk.dir/src/dynamixel_sdk/group_sync_read.cpp.o[0m
[0.619s] [ 27%] [32mBuilding CXX object CMakeFiles/dynamixel_sdk.dir/src/dynamixel_sdk/group_sync_write.cpp.o[0m
[0.619s] [ 33%] [32mBuilding CXX object CMakeFiles/dynamixel_sdk.dir/src/dynamixel_sdk/group_bulk_read.cpp.o[0m
[0.621s] [ 38%] [32mBuilding CXX object CMakeFiles/dynamixel_sdk.dir/src/dynamixel_sdk/group_bulk_write.cpp.o[0m
[0.622s] [ 38%] Built target ament_cmake_python_symlink_dynamixel_sdk
[0.622s] [ 38%] Built target ament_cmake_python_symlink_dynamixel_easy_sdk
[0.625s] [ 44%] [32mBuilding CXX object CMakeFiles/dynamixel_sdk.dir/src/dynamixel_sdk/group_fast_bulk_read.cpp.o[0m
[0.628s] [ 50%] [32mBuilding CXX object CMakeFiles/dynamixel_sdk.dir/src/dynamixel_sdk/group_fast_sync_read.cpp.o[0m
[0.628s] [ 55%] [32mBuilding CXX object CMakeFiles/dynamixel_sdk.dir/src/dynamixel_sdk/group_handler.cpp.o[0m
[0.633s] [ 66%] [32mBuilding CXX object CMakeFiles/dynamixel_sdk.dir/src/dynamixel_sdk/port_handler.cpp.o[0m
[0.633s] [ 66%] [32mBuilding CXX object CMakeFiles/dynamixel_sdk.dir/src/dynamixel_easy_sdk/connector.cpp.o[0m
[0.633s] [ 72%] [32mBuilding CXX object CMakeFiles/dynamixel_sdk.dir/src/dynamixel_easy_sdk/control_table.cpp.o[0m
[0.642s] [ 77%] [32mBuilding CXX object CMakeFiles/dynamixel_sdk.dir/src/dynamixel_easy_sdk/dynamixel_error.cpp.o[0m
[0.662s] [ 83%] [32mBuilding CXX object CMakeFiles/dynamixel_sdk.dir/src/dynamixel_easy_sdk/group_executor.cpp.o[0m
[0.780s] [ 88%] [32mBuilding CXX object CMakeFiles/dynamixel_sdk.dir/src/dynamixel_easy_sdk/motor.cpp.o[0m
[0.828s] [ 94%] [32mBuilding CXX object CMakeFiles/dynamixel_sdk.dir/src/dynamixel_sdk/port_handler_linux.cpp.o[0m
[0.846s] running egg_info
[0.847s] creating dynamixel_sdk.egg-info
[0.847s] writing dynamixel_sdk.egg-info/PKG-INFO
[0.847s] writing dependency_links to dynamixel_sdk.egg-info/dependency_links.txt
[0.849s] writing top-level names to dynamixel_sdk.egg-info/top_level.txt
[0.849s] writing manifest file 'dynamixel_sdk.egg-info/SOURCES.txt'
[0.850s] reading manifest file 'dynamixel_sdk.egg-info/SOURCES.txt'
[0.851s] writing manifest file 'dynamixel_sdk.egg-info/SOURCES.txt'
[0.856s] running egg_info
[0.856s] creating dynamixel_easy_sdk.egg-info
[0.857s] writing dynamixel_easy_sdk.egg-info/PKG-INFO
[0.857s] writing dependency_links to dynamixel_easy_sdk.egg-info/dependency_links.txt
[0.858s] writing top-level names to dynamixel_easy_sdk.egg-info/top_level.txt
[0.858s] writing manifest file 'dynamixel_easy_sdk.egg-info/SOURCES.txt'
[0.860s] reading manifest file 'dynamixel_easy_sdk.egg-info/SOURCES.txt'
[0.864s] writing manifest file 'dynamixel_easy_sdk.egg-info/SOURCES.txt'
[0.900s] [ 94%] Built target ament_cmake_python_build_dynamixel_sdk_egg
[0.923s] [ 94%] Built target ament_cmake_python_build_dynamixel_easy_sdk_egg
[1.535s] [100%] [1m[32mLinking CXX shared library libdynamixel_sdk.so[0m
[1.620s] [100%] Built target dynamixel_sdk
