[0.009s] Invoking command in '/home/ljq/Desktop/ljq_zq/Turtlebot/TurtleBot3/turbot_ws/build/dynamixel_sdk_examples': AMENT_PREFIX_PATH=/home/ljq/Desktop/ljq_zq/Turtlebot/TurtleBot3/turbot_ws/install/dynamixel_sdk_custom_interfaces:/home/ljq/Desktop/ljq_zq/Turtlebot/TurtleBot3/turbot_ws/install/dynamixel_sdk:${AMENT_PREFIX_PATH} CMAKE_PREFIX_PATH=/home/ljq/Desktop/ljq_zq/Turtlebot/TurtleBot3/turbot_ws/install/dynamixel_sdk_custom_interfaces:/home/ljq/Desktop/ljq_zq/Turtlebot/TurtleBot3/turbot_ws/install/dynamixel_sdk:/opt/ros/humble LD_LIBRARY_PATH=/home/ljq/Desktop/ljq_zq/Turtlebot/TurtleBot3/turbot_ws/install/dynamixel_sdk_custom_interfaces/lib:/home/ljq/Desktop/ljq_zq/Turtlebot/TurtleBot3/turbot_ws/install/dynamixel_sdk/lib:/usr/lib/x86_64-linux-gnu/gazebo-11/plugins:/opt/ros/humble/opt/rviz_ogre_vendor/lib:/opt/ros/humble/lib/x86_64-linux-gnu:/opt/ros/humble/lib:/usr/local/cuda-12.0/lib64 PYTHONPATH=/home/ljq/Desktop/ljq_zq/Turtlebot/TurtleBot3/turbot_ws/install/dynamixel_sdk_custom_interfaces/local/lib/python3.10/dist-packages:/home/ljq/Desktop/ljq_zq/Turtlebot/TurtleBot3/turbot_ws/install/dynamixel_sdk/local/lib/python3.10/dist-packages:${PYTHONPATH} /usr/bin/cmake /home/ljq/Desktop/ljq_zq/Turtlebot/TurtleBot3/turbot_ws/src/DynamixelSDK/ros/dynamixel_sdk_examples -DCMAKE_POLICY_VERSION_MINIMUM=3.5 -DAMENT_CMAKE_SYMLINK_INSTALL=1 -DCMAKE_INSTALL_PREFIX=/home/ljq/Desktop/ljq_zq/Turtlebot/TurtleBot3/turbot_ws/install/dynamixel_sdk_examples
[0.018s] [0mCMake Deprecation Warning at CMakeLists.txt:1 (cmake_minimum_required):
[0.018s]   Compatibility with CMake < 3.10 will be removed from a future version of
[0.018s]   CMake.
[0.018s] 
[0.018s]   Update the VERSION argument <min> value.  Or, use the <min>...<max> syntax
[0.018s]   to tell CMake that the project requires at least <min> but has been updated
[0.019s]   to work with policies introduced by <max> or earlier.
[0.019s] 
[0.019s] [0m
[0.079s] -- The C compiler identification is GNU 11.4.0
[0.158s] -- The CXX compiler identification is GNU 11.4.0
[0.164s] -- Detecting C compiler ABI info
[0.216s] -- Detecting C compiler ABI info - done
[0.227s] -- Check for working C compiler: /usr/bin/cc - skipped
[0.227s] -- Detecting C compile features
[0.227s] -- Detecting C compile features - done
[0.237s] -- Detecting CXX compiler ABI info
[0.297s] -- Detecting CXX compiler ABI info - done
[0.313s] -- Check for working CXX compiler: /usr/bin/c++ - skipped
[0.313s] -- Detecting CXX compile features
[0.314s] -- Detecting CXX compile features - done
[0.323s] -- Found ament_cmake: 1.3.14 (/opt/ros/humble/share/ament_cmake/cmake)
[0.427s] -- Found Python3: /usr/bin/python3 (found version "3.10.12") found components: Interpreter
[0.471s] -- Override CMake install command with custom implementation using symlinks instead of copying resources
[0.506s] -- Found dynamixel_sdk: 4.0.5 (/home/ljq/Desktop/ljq_zq/Turtlebot/TurtleBot3/turbot_ws/install/dynamixel_sdk/share/dynamixel_sdk/cmake)
[0.509s] -- Found dynamixel_sdk_custom_interfaces: 4.0.5 (/home/ljq/Desktop/ljq_zq/Turtlebot/TurtleBot3/turbot_ws/install/dynamixel_sdk_custom_interfaces/share/dynamixel_sdk_custom_interfaces/cmake)
[0.553s] -- Found rosidl_generator_c: 3.1.9 (/opt/ros/humble/share/rosidl_generator_c/cmake)
[0.560s] -- Found rosidl_adapter: 3.1.9 (/opt/ros/humble/share/rosidl_adapter/cmake)
[0.570s] -- Found rosidl_generator_cpp: 3.1.9 (/opt/ros/humble/share/rosidl_generator_cpp/cmake)
[0.582s] -- Using all available rosidl_typesupport_c: rosidl_typesupport_fastrtps_c;rosidl_typesupport_introspection_c
[0.596s] -- Using all available rosidl_typesupport_cpp: rosidl_typesupport_fastrtps_cpp;rosidl_typesupport_introspection_cpp
[0.619s] -- Found rclcpp: 16.0.19 (/opt/ros/humble/share/rclcpp/cmake)
[0.654s] -- Found rmw_implementation_cmake: 6.1.2 (/opt/ros/humble/share/rmw_implementation_cmake/cmake)
[0.657s] -- Found rmw_fastrtps_cpp: 6.2.10 (/opt/ros/humble/share/rmw_fastrtps_cpp/cmake)
[0.735s] -- Found OpenSSL: /usr/lib/x86_64-linux-gnu/libcrypto.so (found version "3.0.2")
[0.770s] -- Found FastRTPS: /opt/ros/humble/include
[0.808s] -- Using RMW implementation 'rmw_fastrtps_cpp' as default
[0.816s] -- Performing Test CMAKE_HAVE_LIBC_PTHREAD
[0.865s] -- Performing Test CMAKE_HAVE_LIBC_PTHREAD - Success
[0.866s] -- Found Threads: TRUE
[0.918s] -- Found rclpy: 3.3.21 (/opt/ros/humble/share/rclpy/cmake)
[0.920s] -- Found ament_lint_auto: 0.12.15 (/opt/ros/humble/share/ament_lint_auto/cmake)
[0.986s] -- Added test 'copyright' to check source files copyright and LICENSE
[0.987s] -- Added test 'cppcheck' to perform static code analysis on C / C++ code
[0.987s] -- Configured cppcheck include dirs: /home/ljq/Desktop/ljq_zq/Turtlebot/TurtleBot3/turbot_ws/src/DynamixelSDK/ros/dynamixel_sdk_examples/include
[0.987s] -- Configured cppcheck exclude dirs and/or files: 
[0.988s] -- Added test 'cpplint' to check C / C++ code against the Google style
[0.988s] -- Configured cpplint exclude dirs and/or files: 
[0.989s] -- Added test 'flake8' to check Python code syntax and style conventions
[0.989s] -- Added test 'lint_cmake' to check CMake code style
[0.989s] -- Added test 'pep257' to check Python code against some of the docstring style conventions in PEP 257
[0.991s] -- Added test 'uncrustify' to check C / C++ code style
[0.991s] -- Configured uncrustify additional arguments: 
[0.991s] -- Added test 'xmllint' to check XML markup files
[0.992s] -- Configuring done (1.0s)
[1.002s] -- Generating done (0.0s)
[1.017s] -- Build files have been written to: /home/ljq/Desktop/ljq_zq/Turtlebot/TurtleBot3/turbot_ws/build/dynamixel_sdk_examples
[1.031s] Invoked command in '/home/ljq/Desktop/ljq_zq/Turtlebot/TurtleBot3/turbot_ws/build/dynamixel_sdk_examples' returned '0': AMENT_PREFIX_PATH=/home/ljq/Desktop/ljq_zq/Turtlebot/TurtleBot3/turbot_ws/install/dynamixel_sdk_custom_interfaces:/home/ljq/Desktop/ljq_zq/Turtlebot/TurtleBot3/turbot_ws/install/dynamixel_sdk:${AMENT_PREFIX_PATH} CMAKE_PREFIX_PATH=/home/ljq/Desktop/ljq_zq/Turtlebot/TurtleBot3/turbot_ws/install/dynamixel_sdk_custom_interfaces:/home/ljq/Desktop/ljq_zq/Turtlebot/TurtleBot3/turbot_ws/install/dynamixel_sdk:/opt/ros/humble LD_LIBRARY_PATH=/home/ljq/Desktop/ljq_zq/Turtlebot/TurtleBot3/turbot_ws/install/dynamixel_sdk_custom_interfaces/lib:/home/ljq/Desktop/ljq_zq/Turtlebot/TurtleBot3/turbot_ws/install/dynamixel_sdk/lib:/usr/lib/x86_64-linux-gnu/gazebo-11/plugins:/opt/ros/humble/opt/rviz_ogre_vendor/lib:/opt/ros/humble/lib/x86_64-linux-gnu:/opt/ros/humble/lib:/usr/local/cuda-12.0/lib64 PYTHONPATH=/home/ljq/Desktop/ljq_zq/Turtlebot/TurtleBot3/turbot_ws/install/dynamixel_sdk_custom_interfaces/local/lib/python3.10/dist-packages:/home/ljq/Desktop/ljq_zq/Turtlebot/TurtleBot3/turbot_ws/install/dynamixel_sdk/local/lib/python3.10/dist-packages:${PYTHONPATH} /usr/bin/cmake /home/ljq/Desktop/ljq_zq/Turtlebot/TurtleBot3/turbot_ws/src/DynamixelSDK/ros/dynamixel_sdk_examples -DCMAKE_POLICY_VERSION_MINIMUM=3.5 -DAMENT_CMAKE_SYMLINK_INSTALL=1 -DCMAKE_INSTALL_PREFIX=/home/ljq/Desktop/ljq_zq/Turtlebot/TurtleBot3/turbot_ws/install/dynamixel_sdk_examples
[1.033s] Invoking command in '/home/ljq/Desktop/ljq_zq/Turtlebot/TurtleBot3/turbot_ws/build/dynamixel_sdk_examples': AMENT_PREFIX_PATH=/home/ljq/Desktop/ljq_zq/Turtlebot/TurtleBot3/turbot_ws/install/dynamixel_sdk_custom_interfaces:/home/ljq/Desktop/ljq_zq/Turtlebot/TurtleBot3/turbot_ws/install/dynamixel_sdk:${AMENT_PREFIX_PATH} CMAKE_PREFIX_PATH=/home/ljq/Desktop/ljq_zq/Turtlebot/TurtleBot3/turbot_ws/install/dynamixel_sdk_custom_interfaces:/home/ljq/Desktop/ljq_zq/Turtlebot/TurtleBot3/turbot_ws/install/dynamixel_sdk:/opt/ros/humble LD_LIBRARY_PATH=/home/ljq/Desktop/ljq_zq/Turtlebot/TurtleBot3/turbot_ws/install/dynamixel_sdk_custom_interfaces/lib:/home/ljq/Desktop/ljq_zq/Turtlebot/TurtleBot3/turbot_ws/install/dynamixel_sdk/lib:/usr/lib/x86_64-linux-gnu/gazebo-11/plugins:/opt/ros/humble/opt/rviz_ogre_vendor/lib:/opt/ros/humble/lib/x86_64-linux-gnu:/opt/ros/humble/lib:/usr/local/cuda-12.0/lib64 PYTHONPATH=/home/ljq/Desktop/ljq_zq/Turtlebot/TurtleBot3/turbot_ws/install/dynamixel_sdk_custom_interfaces/local/lib/python3.10/dist-packages:/home/ljq/Desktop/ljq_zq/Turtlebot/TurtleBot3/turbot_ws/install/dynamixel_sdk/local/lib/python3.10/dist-packages:${PYTHONPATH} /usr/bin/cmake --build /home/ljq/Desktop/ljq_zq/Turtlebot/TurtleBot3/turbot_ws/build/dynamixel_sdk_examples -- -j16 -l16
[1.061s] [ 50%] [32mBuilding CXX object CMakeFiles/read_write_node.dir/src/read_write_node.cpp.o[0m
[10.307s] [100%] [1m[32mLinking CXX executable read_write_node[0m
[10.574s] [100%] Built target read_write_node
[10.580s] Invoked command in '/home/ljq/Desktop/ljq_zq/Turtlebot/TurtleBot3/turbot_ws/build/dynamixel_sdk_examples' returned '0': AMENT_PREFIX_PATH=/home/ljq/Desktop/ljq_zq/Turtlebot/TurtleBot3/turbot_ws/install/dynamixel_sdk_custom_interfaces:/home/ljq/Desktop/ljq_zq/Turtlebot/TurtleBot3/turbot_ws/install/dynamixel_sdk:${AMENT_PREFIX_PATH} CMAKE_PREFIX_PATH=/home/ljq/Desktop/ljq_zq/Turtlebot/TurtleBot3/turbot_ws/install/dynamixel_sdk_custom_interfaces:/home/ljq/Desktop/ljq_zq/Turtlebot/TurtleBot3/turbot_ws/install/dynamixel_sdk:/opt/ros/humble LD_LIBRARY_PATH=/home/ljq/Desktop/ljq_zq/Turtlebot/TurtleBot3/turbot_ws/install/dynamixel_sdk_custom_interfaces/lib:/home/ljq/Desktop/ljq_zq/Turtlebot/TurtleBot3/turbot_ws/install/dynamixel_sdk/lib:/usr/lib/x86_64-linux-gnu/gazebo-11/plugins:/opt/ros/humble/opt/rviz_ogre_vendor/lib:/opt/ros/humble/lib/x86_64-linux-gnu:/opt/ros/humble/lib:/usr/local/cuda-12.0/lib64 PYTHONPATH=/home/ljq/Desktop/ljq_zq/Turtlebot/TurtleBot3/turbot_ws/install/dynamixel_sdk_custom_interfaces/local/lib/python3.10/dist-packages:/home/ljq/Desktop/ljq_zq/Turtlebot/TurtleBot3/turbot_ws/install/dynamixel_sdk/local/lib/python3.10/dist-packages:${PYTHONPATH} /usr/bin/cmake --build /home/ljq/Desktop/ljq_zq/Turtlebot/TurtleBot3/turbot_ws/build/dynamixel_sdk_examples -- -j16 -l16
[10.582s] Invoking command in '/home/ljq/Desktop/ljq_zq/Turtlebot/TurtleBot3/turbot_ws/build/dynamixel_sdk_examples': AMENT_PREFIX_PATH=/home/ljq/Desktop/ljq_zq/Turtlebot/TurtleBot3/turbot_ws/install/dynamixel_sdk_custom_interfaces:/home/ljq/Desktop/ljq_zq/Turtlebot/TurtleBot3/turbot_ws/install/dynamixel_sdk:${AMENT_PREFIX_PATH} CMAKE_PREFIX_PATH=/home/ljq/Desktop/ljq_zq/Turtlebot/TurtleBot3/turbot_ws/install/dynamixel_sdk_custom_interfaces:/home/ljq/Desktop/ljq_zq/Turtlebot/TurtleBot3/turbot_ws/install/dynamixel_sdk:/opt/ros/humble LD_LIBRARY_PATH=/home/ljq/Desktop/ljq_zq/Turtlebot/TurtleBot3/turbot_ws/install/dynamixel_sdk_custom_interfaces/lib:/home/ljq/Desktop/ljq_zq/Turtlebot/TurtleBot3/turbot_ws/install/dynamixel_sdk/lib:/usr/lib/x86_64-linux-gnu/gazebo-11/plugins:/opt/ros/humble/opt/rviz_ogre_vendor/lib:/opt/ros/humble/lib/x86_64-linux-gnu:/opt/ros/humble/lib:/usr/local/cuda-12.0/lib64 PYTHONPATH=/home/ljq/Desktop/ljq_zq/Turtlebot/TurtleBot3/turbot_ws/install/dynamixel_sdk_custom_interfaces/local/lib/python3.10/dist-packages:/home/ljq/Desktop/ljq_zq/Turtlebot/TurtleBot3/turbot_ws/install/dynamixel_sdk/local/lib/python3.10/dist-packages:${PYTHONPATH} /usr/bin/cmake --install /home/ljq/Desktop/ljq_zq/Turtlebot/TurtleBot3/turbot_ws/build/dynamixel_sdk_examples
[10.584s] -- Install configuration: ""
[10.585s] -- Execute custom install script
[10.585s] -- Symlinking: /home/ljq/Desktop/ljq_zq/Turtlebot/TurtleBot3/turbot_ws/install/dynamixel_sdk_examples/lib/dynamixel_sdk_examples/read_write_node
[10.588s] -- Symlinking: /home/ljq/Desktop/ljq_zq/Turtlebot/TurtleBot3/turbot_ws/install/dynamixel_sdk_examples/lib/dynamixel_sdk_examples/read_write_node.py
[10.591s] -- Symlinking: /home/ljq/Desktop/ljq_zq/Turtlebot/TurtleBot3/turbot_ws/install/dynamixel_sdk_examples/share/ament_index/resource_index/package_run_dependencies/dynamixel_sdk_examples
[10.595s] -- Symlinking: /home/ljq/Desktop/ljq_zq/Turtlebot/TurtleBot3/turbot_ws/install/dynamixel_sdk_examples/share/ament_index/resource_index/parent_prefix_path/dynamixel_sdk_examples
[10.599s] -- Symlinking: /home/ljq/Desktop/ljq_zq/Turtlebot/TurtleBot3/turbot_ws/install/dynamixel_sdk_examples/share/dynamixel_sdk_examples/environment/ament_prefix_path.sh
[10.602s] -- Symlinking: /home/ljq/Desktop/ljq_zq/Turtlebot/TurtleBot3/turbot_ws/install/dynamixel_sdk_examples/share/dynamixel_sdk_examples/environment/ament_prefix_path.dsv
[10.605s] -- Symlinking: /home/ljq/Desktop/ljq_zq/Turtlebot/TurtleBot3/turbot_ws/install/dynamixel_sdk_examples/share/dynamixel_sdk_examples/environment/path.sh
[10.608s] -- Symlinking: /home/ljq/Desktop/ljq_zq/Turtlebot/TurtleBot3/turbot_ws/install/dynamixel_sdk_examples/share/dynamixel_sdk_examples/environment/path.dsv
[10.612s] -- Symlinking: /home/ljq/Desktop/ljq_zq/Turtlebot/TurtleBot3/turbot_ws/install/dynamixel_sdk_examples/share/dynamixel_sdk_examples/local_setup.bash
[10.615s] -- Symlinking: /home/ljq/Desktop/ljq_zq/Turtlebot/TurtleBot3/turbot_ws/install/dynamixel_sdk_examples/share/dynamixel_sdk_examples/local_setup.sh
[10.619s] -- Symlinking: /home/ljq/Desktop/ljq_zq/Turtlebot/TurtleBot3/turbot_ws/install/dynamixel_sdk_examples/share/dynamixel_sdk_examples/local_setup.zsh
[10.622s] -- Symlinking: /home/ljq/Desktop/ljq_zq/Turtlebot/TurtleBot3/turbot_ws/install/dynamixel_sdk_examples/share/dynamixel_sdk_examples/local_setup.dsv
[10.626s] -- Symlinking: /home/ljq/Desktop/ljq_zq/Turtlebot/TurtleBot3/turbot_ws/install/dynamixel_sdk_examples/share/dynamixel_sdk_examples/package.dsv
[10.629s] -- Symlinking: /home/ljq/Desktop/ljq_zq/Turtlebot/TurtleBot3/turbot_ws/install/dynamixel_sdk_examples/share/ament_index/resource_index/packages/dynamixel_sdk_examples
[10.632s] -- Symlinking: /home/ljq/Desktop/ljq_zq/Turtlebot/TurtleBot3/turbot_ws/install/dynamixel_sdk_examples/share/dynamixel_sdk_examples/cmake/dynamixel_sdk_examplesConfig.cmake
[10.636s] -- Symlinking: /home/ljq/Desktop/ljq_zq/Turtlebot/TurtleBot3/turbot_ws/install/dynamixel_sdk_examples/share/dynamixel_sdk_examples/cmake/dynamixel_sdk_examplesConfig-version.cmake
[10.639s] -- Symlinking: /home/ljq/Desktop/ljq_zq/Turtlebot/TurtleBot3/turbot_ws/install/dynamixel_sdk_examples/share/dynamixel_sdk_examples/package.xml
[10.643s] Invoked command in '/home/ljq/Desktop/ljq_zq/Turtlebot/TurtleBot3/turbot_ws/build/dynamixel_sdk_examples' returned '0': AMENT_PREFIX_PATH=/home/ljq/Desktop/ljq_zq/Turtlebot/TurtleBot3/turbot_ws/install/dynamixel_sdk_custom_interfaces:/home/ljq/Desktop/ljq_zq/Turtlebot/TurtleBot3/turbot_ws/install/dynamixel_sdk:${AMENT_PREFIX_PATH} CMAKE_PREFIX_PATH=/home/ljq/Desktop/ljq_zq/Turtlebot/TurtleBot3/turbot_ws/install/dynamixel_sdk_custom_interfaces:/home/ljq/Desktop/ljq_zq/Turtlebot/TurtleBot3/turbot_ws/install/dynamixel_sdk:/opt/ros/humble LD_LIBRARY_PATH=/home/ljq/Desktop/ljq_zq/Turtlebot/TurtleBot3/turbot_ws/install/dynamixel_sdk_custom_interfaces/lib:/home/ljq/Desktop/ljq_zq/Turtlebot/TurtleBot3/turbot_ws/install/dynamixel_sdk/lib:/usr/lib/x86_64-linux-gnu/gazebo-11/plugins:/opt/ros/humble/opt/rviz_ogre_vendor/lib:/opt/ros/humble/lib/x86_64-linux-gnu:/opt/ros/humble/lib:/usr/local/cuda-12.0/lib64 PYTHONPATH=/home/ljq/Desktop/ljq_zq/Turtlebot/TurtleBot3/turbot_ws/install/dynamixel_sdk_custom_interfaces/local/lib/python3.10/dist-packages:/home/ljq/Desktop/ljq_zq/Turtlebot/TurtleBot3/turbot_ws/install/dynamixel_sdk/local/lib/python3.10/dist-packages:${PYTHONPATH} /usr/bin/cmake --install /home/ljq/Desktop/ljq_zq/Turtlebot/TurtleBot3/turbot_ws/build/dynamixel_sdk_examples
