[0.893s] Invoking command in '/home/ljq/Desktop/ljq_zq/Turtlebot/TurtleBot3/turbot_ws/build/turtlebot3_teleop': PYTHONPATH=/home/ljq/Desktop/ljq_zq/Turtlebot/TurtleBot3/turbot_ws/build/turtlebot3_teleop/prefix_override:/usr/lib/python3/dist-packages/colcon_core/task/python/colcon_distutils_commands:/home/ljq/Desktop/ljq_zq/Turtlebot/TurtleBot3/turbot_ws/install/turtlebot3_teleop/lib/python3.10/site-packages:${PYTHONPATH} /usr/bin/python3 -W ignore:setup.py install is deprecated -W ignore:easy_install command is deprecated setup.py develop --editable --build-directory /home/ljq/Desktop/ljq_zq/Turtlebot/TurtleBot3/turbot_ws/build/turtlebot3_teleop/build --no-deps symlink_data
[1.091s] running develop
[1.183s] running egg_info
[1.183s] creating turtlebot3_teleop.egg-info
[1.183s] writing turtlebot3_teleop.egg-info/PKG-INFO
[1.184s] writing dependency_links to turtlebot3_teleop.egg-info/dependency_links.txt
[1.184s] writing entry points to turtlebot3_teleop.egg-info/entry_points.txt
[1.184s] writing requirements to turtlebot3_teleop.egg-info/requires.txt
[1.184s] writing top-level names to turtlebot3_teleop.egg-info/top_level.txt
[1.184s] writing manifest file 'turtlebot3_teleop.egg-info/SOURCES.txt'
[1.185s] reading manifest file 'turtlebot3_teleop.egg-info/SOURCES.txt'
[1.185s] writing manifest file 'turtlebot3_teleop.egg-info/SOURCES.txt'
[1.186s] running build_ext
[1.186s] Creating /home/ljq/Desktop/ljq_zq/Turtlebot/TurtleBot3/turbot_ws/install/turtlebot3_teleop/lib/python3.10/site-packages/turtlebot3-teleop.egg-link (link to .)
[1.187s] Installing teleop_keyboard script to /home/ljq/Desktop/ljq_zq/Turtlebot/TurtleBot3/turbot_ws/install/turtlebot3_teleop/lib/turtlebot3_teleop
[1.187s] 
[1.187s] Installed /home/ljq/Desktop/ljq_zq/Turtlebot/TurtleBot3/turbot_ws/build/turtlebot3_teleop
[1.187s] running symlink_data
[1.187s] creating /home/ljq/Desktop/ljq_zq/Turtlebot/TurtleBot3/turbot_ws/install/turtlebot3_teleop/share/ament_index
[1.187s] creating /home/ljq/Desktop/ljq_zq/Turtlebot/TurtleBot3/turbot_ws/install/turtlebot3_teleop/share/ament_index/resource_index
[1.187s] creating /home/ljq/Desktop/ljq_zq/Turtlebot/TurtleBot3/turbot_ws/install/turtlebot3_teleop/share/ament_index/resource_index/packages
[1.187s] symbolically linking /home/ljq/Desktop/ljq_zq/Turtlebot/TurtleBot3/turbot_ws/build/turtlebot3_teleop/resource/turtlebot3_teleop -> /home/ljq/Desktop/ljq_zq/Turtlebot/TurtleBot3/turbot_ws/install/turtlebot3_teleop/share/ament_index/resource_index/packages
[1.187s] symbolically linking /home/ljq/Desktop/ljq_zq/Turtlebot/TurtleBot3/turbot_ws/build/turtlebot3_teleop/package.xml -> /home/ljq/Desktop/ljq_zq/Turtlebot/TurtleBot3/turbot_ws/install/turtlebot3_teleop/share/turtlebot3_teleop
[1.217s] Invoked command in '/home/ljq/Desktop/ljq_zq/Turtlebot/TurtleBot3/turbot_ws/build/turtlebot3_teleop' returned '0': PYTHONPATH=/home/ljq/Desktop/ljq_zq/Turtlebot/TurtleBot3/turbot_ws/build/turtlebot3_teleop/prefix_override:/usr/lib/python3/dist-packages/colcon_core/task/python/colcon_distutils_commands:/home/ljq/Desktop/ljq_zq/Turtlebot/TurtleBot3/turbot_ws/install/turtlebot3_teleop/lib/python3.10/site-packages:${PYTHONPATH} /usr/bin/python3 -W ignore:setup.py install is deprecated -W ignore:easy_install command is deprecated setup.py develop --editable --build-directory /home/ljq/Desktop/ljq_zq/Turtlebot/TurtleBot3/turbot_ws/build/turtlebot3_teleop/build --no-deps symlink_data
