[0.018s] Invoking command in '/home/ljq/Desktop/ljq_zq/Turtlebot/TurtleBot3/turbot_ws/build/turtlebot3_gazebo': CMAKE_PREFIX_PATH=/opt/ros/humble /usr/bin/cmake /home/ljq/Desktop/ljq_zq/Turtlebot/TurtleBot3/turbot_ws/src/turtlebot3_simulations/turtlebot3_gazebo -DAMENT_CMAKE_SYMLINK_INSTALL=1 -DCMAKE_INSTALL_PREFIX=/home/ljq/Desktop/ljq_zq/Turtlebot/TurtleBot3/turbot_ws/install/turtlebot3_gazebo
[0.027s] [0mCMake Deprecation Warning at CMakeLists.txt:4 (cmake_minimum_required):
[0.027s]   Compatibility with CMake < 3.10 will be removed from a future version of
[0.027s]   CMake.
[0.028s] 
[0.028s]   Update the VERSION argument <min> value.  Or, use the <min>...<max> syntax
[0.028s]   to tell CMake that the project requires at least <min> but has been updated
[0.028s]   to work with policies introduced by <max> or earlier.
[0.028s] 
[0.028s] [0m
[0.058s] -- The C compiler identification is GNU 11.4.0
[0.105s] -- The CXX compiler identification is GNU 11.4.0
[0.112s] -- Detecting C compiler ABI info
[0.156s] -- Detecting C compiler ABI info - done
[0.169s] -- Check for working C compiler: /usr/bin/cc - skipped
[0.169s] -- Detecting C compile features
[0.169s] -- Detecting C compile features - done
[0.177s] -- Detecting CXX compiler ABI info
[0.230s] -- Detecting CXX compiler ABI info - done
[0.239s] -- Check for working CXX compiler: /usr/bin/c++ - skipped
[0.240s] -- Detecting CXX compile features
[0.240s] -- Detecting CXX compile features - done
[0.246s] -- Found ament_cmake: 1.3.14 (/opt/ros/humble/share/ament_cmake/cmake)
[0.340s] -- Found Python3: /usr/bin/python3 (found version "3.10.12") found components: Interpreter
[0.384s] -- Override CMake install command with custom implementation using symlinks instead of copying resources
[0.424s] [33mCMake Warning (dev) at /usr/share/cmake-4.3/Modules/FindPackageHandleStandardArgs.cmake:493 (message):
[0.425s]   The package name passed to find_package_handle_standard_args() (PkgConfig)
[0.425s]   does not match the name of the calling package (gazebo).  This can lead to
[0.425s]   problems in calling code that expects find_package() result variables
[0.425s]   (e.g., `_FOUND`) to follow a certain pattern.
[0.425s] Call Stack (most recent call first):
[0.425s]   /usr/share/cmake-4.3/Modules/FindPkgConfig.cmake:562 (find_package_handle_standard_args)
[0.425s]   /usr/lib/x86_64-linux-gnu/cmake/gazebo/gazebo-config.cmake:72 (include)
[0.425s]   CMakeLists.txt:23 (find_package)
[0.425s] This warning is for project developers.  Use -Wno-dev to suppress it.
[0.425s] [0m
[0.425s] -- Found PkgConfig: /usr/bin/pkg-config (found version "1.8.0")
[0.429s] -- Checking for module 'bullet>=2.82'
[0.440s] --   Found bullet, version 3.05
[0.528s] -- Found fcl: /usr/include (found suitable version "0.7.0", minimum required is "0.5.0")
[0.564s] -- Found assimp: /usr/include (found version "5.2.0")
[0.565s] [33mCMake Warning (dev) at /usr/share/dart/cmake/DARTFindBoost.cmake:20 (find_package):
[0.565s]   Policy CMP0167 is not set: The FindBoost module is removed.  Run "cmake
[0.565s]   --help-policy CMP0167" for policy details.  Use the cmake_policy command to
[0.565s]   set the policy and suppress this warning.
[0.565s] 
[0.565s] Call Stack (most recent call first):
[0.565s]   /usr/share/dart/cmake/dart_dartComponent.cmake:6 (include)
[0.565s]   /usr/share/dart/cmake/DARTConfig.cmake:73 (include)
[0.565s]   /usr/share/dart/cmake/DARTConfig.cmake:133 (dart_traverse_components)
[0.565s]   /usr/share/dart/cmake/DARTConfig.cmake:181 (dart_package_init)
[0.566s]   /usr/lib/x86_64-linux-gnu/cmake/gazebo/gazebo-config.cmake:166 (find_package)
[0.566s]   CMakeLists.txt:23 (find_package)
[0.566s] This warning is for project developers.  Use -Wno-dev to suppress it.
[0.566s] [0m
[0.590s] -- Found DART: /usr/include (Required is at least version "6.6") found components: dart
[0.598s] [33mCMake Warning (dev) at /usr/lib/x86_64-linux-gnu/cmake/gazebo/gazebo-config.cmake:197 (find_package):
[0.598s]   Policy CMP0167 is not set: The FindBoost module is removed.  Run "cmake
[0.599s]   --help-policy CMP0167" for policy details.  Use the cmake_policy command to
[0.599s]   set the policy and suppress this warning.
[0.599s] 
[0.599s] Call Stack (most recent call first):
[0.599s]   CMakeLists.txt:23 (find_package)
[0.599s] This warning is for project developers.  Use -Wno-dev to suppress it.
[0.599s] [0m
[0.764s] -- Found Boost: /usr/lib/x86_64-linux-gnu/cmake/Boost-1.74.0/BoostConfig.cmake (found suitable version "1.74.0", minimum required is "1.40.0") found components: thread system filesystem program_options regex iostreams date_time
[0.815s] -- Found Protobuf: /usr/lib/x86_64-linux-gnu/libprotobuf.so (found version "3.12.4")
[0.835s] -- Looking for ignition-math6 -- found version 6.16.0
[0.856s] -- Searching for dependencies of ignition-math6
[0.863s] -- Looking for OGRE...
[0.863s] -- OGRE_PREFIX_WATCH changed.
[0.871s] -- Checking for module 'OGRE'
[0.890s] --   Found OGRE, version 1.9.0
[0.932s] -- Found Ogre Ghadamon (1.9.0)
[0.964s] -- Found OGRE: optimized;/usr/lib/x86_64-linux-gnu/libOgreMain.so;debug;/usr/lib/x86_64-linux-gnu/libOgreMain.so
[0.967s] [33mCMake Warning (dev) at /usr/share/OGRE/cmake/modules/FindOGRE.cmake:309 (find_package):
[0.967s]   Policy CMP0167 is not set: The FindBoost module is removed.  Run "cmake
[0.967s]   --help-policy CMP0167" for policy details.  Use the cmake_policy command to
[0.968s]   set the policy and suppress this warning.
[0.968s] 
[0.968s] Call Stack (most recent call first):
[0.968s]   /usr/lib/x86_64-linux-gnu/cmake/gazebo/gazebo-config.cmake:213 (find_package)
[0.968s]   CMakeLists.txt:23 (find_package)
[0.968s] This warning is for project developers.  Use -Wno-dev to suppress it.
[0.968s] [0m
[0.968s] [33mCMake Warning (dev) at /usr/share/OGRE/cmake/modules/FindOGRE.cmake:318 (find_package):
[0.968s]   Policy CMP0167 is not set: The FindBoost module is removed.  Run "cmake
[0.968s]   --help-policy CMP0167" for policy details.  Use the cmake_policy command to
[0.968s]   set the policy and suppress this warning.
[0.968s] 
[0.968s] Call Stack (most recent call first):
[0.968s]   /usr/lib/x86_64-linux-gnu/cmake/gazebo/gazebo-config.cmake:213 (find_package)
[0.968s]   CMakeLists.txt:23 (find_package)
[0.968s] This warning is for project developers.  Use -Wno-dev to suppress it.
[0.968s] [0m
[0.972s] -- Looking for OGRE_Paging...
[0.992s] -- Found OGRE_Paging: optimized;/usr/lib/x86_64-linux-gnu/libOgrePaging.so;debug;/usr/lib/x86_64-linux-gnu/libOgrePaging.so
[0.992s] -- Looking for OGRE_Terrain...
[1.012s] -- Found OGRE_Terrain: optimized;/usr/lib/x86_64-linux-gnu/libOgreTerrain.so;debug;/usr/lib/x86_64-linux-gnu/libOgreTerrain.so
[1.012s] -- Looking for OGRE_Property...
[1.030s] -- Found OGRE_Property: optimized;/usr/lib/x86_64-linux-gnu/libOgreProperty.so;debug;/usr/lib/x86_64-linux-gnu/libOgreProperty.so
[1.030s] -- Looking for OGRE_RTShaderSystem...
[1.047s] -- Found OGRE_RTShaderSystem: optimized;/usr/lib/x86_64-linux-gnu/libOgreRTShaderSystem.so;debug;/usr/lib/x86_64-linux-gnu/libOgreRTShaderSystem.so
[1.047s] -- Looking for OGRE_Volume...
[1.059s] -- Found OGRE_Volume: optimized;/usr/lib/x86_64-linux-gnu/libOgreVolume.so;debug;/usr/lib/x86_64-linux-gnu/libOgreVolume.so
[1.059s] -- Looking for OGRE_Overlay...
[1.073s] -- Found OGRE_Overlay: optimized;/usr/lib/x86_64-linux-gnu/libOgreOverlay.so;debug;/usr/lib/x86_64-linux-gnu/libOgreOverlay.so
[1.306s] -- Looking for ignition-math6 -- found version 6.16.0
[1.309s] -- Looking for ignition-transport8 -- found version 8.2.1
[1.309s] -- Searching for dependencies of ignition-transport8
[1.327s] -- Found Protobuf: /usr/lib/x86_64-linux-gnu/libprotobuf.so (found suitable version "3.12.4", minimum required is "3")
[1.337s] -- Config-file not installed for ZeroMQ -- checking for pkg-config
[1.341s] -- Checking for module 'libzmq >= 4'
[1.351s] --   Found libzmq, version 4.3.4
[1.382s] -- Found ZeroMQ: TRUE (Required is at least version "4")
[1.387s] -- Checking for module 'uuid'
[1.396s] --   Found uuid, version 2.37.2
[1.425s] -- Found UUID: TRUE
[1.428s] -- Looking for ignition-msgs5 -- found version 5.8.1
[1.428s] -- Searching for dependencies of ignition-msgs5
[1.444s] -- Looking for ignition-math6 -- found version 6.16.0
[1.448s] -- Checking for module 'tinyxml2'
[1.459s] --   Found tinyxml2, version 9.0.0
[1.487s] -- Looking for ignition-msgs5 -- found version 5.8.1
[1.490s] -- Looking for ignition-common3 -- found version 3.14.0
[1.490s] -- Searching for dependencies of ignition-common3
[1.491s] -- Looking for dlfcn.h - found
[1.492s] -- Looking for libdl - found
[1.494s] -- Found DL: TRUE
[1.504s] -- Found tinyobjloader: /usr/lib/x86_64-linux-gnu/cmake/tinyobjloader/tinyobjloader-config.cmake (found version "2.0.0")
[1.505s] -- Searching for <ignition-common3> component [graphics]
[1.507s] -- Looking for ignition-common3-graphics -- found version 3.14.0
[1.507s] -- Searching for dependencies of ignition-common3-graphics
[1.508s] -- Looking for ignition-math6 -- found version 6.16.0
[1.511s] -- Looking for ignition-fuel_tools4 -- found version 4.4.0
[1.511s] -- Searching for dependencies of ignition-fuel_tools4
[1.577s] -- Found CURL: /usr/lib/x86_64-linux-gnu/libcurl.so (found version "7.81.0")
[1.580s] [31mCMake Error at /usr/lib/x86_64-linux-gnu/cmake/jsoncpp/jsoncppConfig.cmake:2 (cmake_policy):
[1.580s]   Compatibility with CMake < 3.5 has been removed from CMake.
[1.580s] 
[1.580s]   Update the VERSION argument <min> value.  Or, use the <min>...<max> syntax
[1.580s]   to tell CMake that the project requires at least <min> but has been updated
[1.580s]   to work with policies introduced by <max> or earlier.
[1.580s] 
[1.581s]   Or, add -DCMAKE_POLICY_VERSION_MINIMUM=3.5 to try configuring anyway.
[1.581s] Call Stack (most recent call first):
[1.581s]   /usr/share/cmake/ignition-cmake2/cmake2/FindJSONCPP.cmake:34 (find_package)
[1.581s]   /usr/lib/x86_64-linux-gnu/cmake/ignition-fuel_tools4/ignition-fuel_tools4-config.cmake:94 (find_package)
[1.581s]   /usr/lib/x86_64-linux-gnu/cmake/gazebo/gazebo-config.cmake:251 (find_package)
[1.581s]   CMakeLists.txt:23 (find_package)
[1.581s] 
[1.581s] [0m
[1.581s] -- Configuring incomplete, errors occurred!
[1.589s] Invoked command in '/home/ljq/Desktop/ljq_zq/Turtlebot/TurtleBot3/turbot_ws/build/turtlebot3_gazebo' returned '1': CMAKE_PREFIX_PATH=/opt/ros/humble /usr/bin/cmake /home/ljq/Desktop/ljq_zq/Turtlebot/TurtleBot3/turbot_ws/src/turtlebot3_simulations/turtlebot3_gazebo -DAMENT_CMAKE_SYMLINK_INSTALL=1 -DCMAKE_INSTALL_PREFIX=/home/ljq/Desktop/ljq_zq/Turtlebot/TurtleBot3/turbot_ws/install/turtlebot3_gazebo
